#
# There is insufficient memory for the Java Runtime Environment to continue.
# Native memory allocation (malloc) failed to allocate 1126104 bytes. Error detail: Chunk::new
# Possible reasons:
#   The system is out of physical RAM or swap space
#   This process is running with CompressedOops enabled, and the Java Heap may be blocking the growth of the native heap
# Possible solutions:
#   Reduce memory load on the system
#   Increase physical memory or swap space
#   Check if swap backing store is full
#   Decrease Java heap size (-Xmx/-Xms)
#   Decrease number of Java threads
#   Decrease Java thread stack sizes (-Xss)
#   Set larger code cache with -XX:ReservedCodeCacheSize=
#   JVM is running with Unscaled Compressed Oops mode in which the Java heap is
#     placed in the first 4GB address space. The Java Heap base address is the
#     maximum limit for the native heap growth. Please use -XX:HeapBaseMinAddress
#     to set the Java Heap base and to place the Java Heap above 4GB virtual address.
# This output file may be truncated or incomplete.
#
#  Out of Memory Error (arena.cpp:186), pid=43440, tid=54064
#
# JRE version: OpenJDK Runtime Environment Temurin-25.0.3+9 (25.0.3+9) (build 25.0.3+9-LTS)
# Java VM: OpenJDK 64-Bit Server VM Temurin-25.0.3+9 (25.0.3+9-LTS, mixed mode, sharing, tiered, compressed oops, compressed class ptrs, g1 gc, windows-amd64)
# No core dump will be written. Minidumps are not enabled by default on client versions of Windows
#

---------------  S U M M A R Y ------------

Command Line: --add-opens=java.base/java.lang=ALL-UNNAMED --add-opens=java.base/java.lang.invoke=ALL-UNNAMED --add-opens=java.base/java.util=ALL-UNNAMED --add-opens=java.prefs/java.util.prefs=ALL-UNNAMED --add-exports=jdk.compiler/com.sun.tools.javac.api=ALL-UNNAMED --add-exports=jdk.compiler/com.sun.tools.javac.util=ALL-UNNAMED --add-opens=java.base/java.nio.charset=ALL-UNNAMED --add-opens=java.base/java.net=ALL-UNNAMED --add-opens=java.base/java.util.concurrent=ALL-UNNAMED --add-opens=java.base/java.util.concurrent.atomic=ALL-UNNAMED --add-opens=java.xml/javax.xml.namespace=ALL-UNNAMED --add-opens=java.base/java.time=ALL-UNNAMED --enable-native-access=ALL-UNNAMED -Xmx2048m -Dfile.encoding=UTF-8 -Duser.country=US -Duser.language=en -Duser.variant -javaagent:C:\Users\ADMIN\.gradle\wrapper\dists\gradle-9.5.0-bin\bvnork1r7n8i6kp5cnkibsc9q\gradle-9.5.0\lib\agents\gradle-instrumentation-agent-9.5.0.jar org.gradle.launcher.daemon.bootstrap.GradleDaemon 9.5.0

Host: 12th Gen Intel(R) Core(TM) i5-12450HX, 12 cores, 23G,  Windows 11 , 64 bit Build 26100 (10.0.26100.9444)
Time: Tue Oct  6 11:48:40 2026 SE Asia Standard Time elapsed time: 30.893185 seconds (0d 0h 0m 30s)

---------------  T H R E A D  ---------------

Current thread (0x00000281c9fb46d0):  JavaThread "C2 CompilerThread1" daemon [_thread_in_native, id=54064, stack(0x000000fb96400000,0x000000fb96500000) (1024K)]


Current CompileTask:
C2:30893 9303       4       java.lang.reflect.Constructor::newInstanceWithCaller (51 bytes)

Stack: [0x000000fb96400000,0x000000fb96500000]
Native frames: (J=compiled Java code, j=interpreted, Vv=VM code, C=native code)
V  [jvm.dll+0x7aa709]  (no source info available)
V  [jvm.dll+0x7749ed]  (no source info available)
V  [jvm.dll+0x9f7433]  (no source info available)
V  [jvm.dll+0x9f9a21]  (no source info available)
V  [jvm.dll+0x9fa133]  (no source info available)
V  [jvm.dll+0x2fd266]  (no source info available)
V  [jvm.dll+0x1113c6]  (no source info available)
V  [jvm.dll+0x1116ee]  (no source info available)
V  [jvm.dll+0x454297]  (no source info available)
V  [jvm.dll+0x2544e8]  (no source info available)
V  [jvm.dll+0x2c06bc]  (no source info available)
V  [jvm.dll+0x2bf80f]  (no source info available)
V  [jvm.dll+0x2374a0]  (no source info available)
V  [jvm.dll+0x2cf906]  (no source info available)
V  [jvm.dll+0x2cdb8a]  (no source info available)
V  [jvm.dll+0x49070e]  (no source info available)
V  [jvm.dll+0x99894d]  (no source info available)
V  [jvm.dll+0x7a8ce5]  (no source info available)
C  [ucrtbase.dll+0x2cd30]  (no source info available)
C  [KERNEL32.DLL+0x2cd87]  (no source info available)
C  [ntdll.dll+0xacaec]  (no source info available)

Lock stack of current Java thread (top to bottom):


---------------  P R O C E S S  ---------------

Threads class SMR info:
_java_thread_list=0x00000281c91194d0, length=48, elements={
0x00000281a74912b0, 0x00000281c208d160, 0x00000281c2091bd0, 0x00000281c2097c50,
0x00000281c2098e00, 0x00000281c209a9d0, 0x00000281c209d5a0, 0x00000281c209e5c0,
0x00000281c4b6a4b0, 0x00000281c4d6e370, 0x00000281c4e0ef20, 0x00000281ca66ce50,
0x00000281cb18d480, 0x00000281cb18a5a0, 0x00000281cb18e420, 0x00000281cb190b30,
0x00000281cb18ad70, 0x00000281cb18b540, 0x00000281cb191300, 0x00000281cb190360,
0x00000281c4b64430, 0x00000281cb03a9a0, 0x00000281cb037ac0, 0x00000281cb0372f0,
0x00000281cb039230, 0x00000281cb03a1d0, 0x00000281cc708470, 0x00000281cc709be0,
0x00000281cc706530, 0x00000281cc706d00, 0x00000281cc70ab80, 0x00000281cc70bb20,
0x00000281cc7074d0, 0x00000281cbfac290, 0x00000281cbfada00, 0x00000281cbfb2050,
0x00000281cbfae9a0, 0x00000281cbfb37c0, 0x00000281cd37b730, 0x00000281cd378850,
0x00000281cd37bf00, 0x00000281cd37c6d0, 0x00000281cd3797f0, 0x00000281cd379fc0,
0x00000281cd379020, 0x00000281cc860300, 0x00000281cc8612a0, 0x00000281c9fb46d0
}

Java Threads: ( => current thread )
  0x00000281a74912b0 JavaThread "main"                              [_thread_blocked, id=60276, stack(0x000000fb92300000,0x000000fb92400000) (1024K)]
  0x00000281c208d160 JavaThread "Reference Handler"          daemon [_thread_blocked, id=60132, stack(0x000000fb92b00000,0x000000fb92c00000) (1024K)]
  0x00000281c2091bd0 JavaThread "Finalizer"                  daemon [_thread_blocked, id=58384, stack(0x000000fb92c00000,0x000000fb92d00000) (1024K)]
  0x00000281c2097c50 JavaThread "Signal Dispatcher"          daemon [_thread_blocked, id=60380, stack(0x000000fb92d00000,0x000000fb92e00000) (1024K)]
  0x00000281c2098e00 JavaThread "Attach Listener"            daemon [_thread_blocked, id=56184, stack(0x000000fb92e00000,0x000000fb92f00000) (1024K)]
  0x00000281c209a9d0 JavaThread "Service Thread"             daemon [_thread_blocked, id=55864, stack(0x000000fb92f00000,0x000000fb93000000) (1024K)]
  0x00000281c209d5a0 JavaThread "Monitor Deflation Thread"   daemon [_thread_blocked, id=60080, stack(0x000000fb93000000,0x000000fb93100000) (1024K)]
  0x00000281c209e5c0 JavaThread "C2 CompilerThread0"         daemon [_thread_blocked, id=57000, stack(0x000000fb93100000,0x000000fb93200000) (1024K)]
  0x00000281c4b6a4b0 JavaThread "C1 CompilerThread0"         daemon [_thread_blocked, id=23004, stack(0x000000fb93200000,0x000000fb93300000) (1024K)]
  0x00000281c4d6e370 JavaThread "Common-Cleaner"             daemon [_thread_blocked, id=4732, stack(0x000000fb93300000,0x000000fb93400000) (1024K)]
  0x00000281c4e0ef20 JavaThread "Notification Thread"        daemon [_thread_blocked, id=60136, stack(0x000000fb93400000,0x000000fb93500000) (1024K)]
  0x00000281ca66ce50 JavaThread "Daemon health stats"               [_thread_blocked, id=60228, stack(0x000000fb93f00000,0x000000fb94000000) (1024K)]
  0x00000281cb18d480 JavaThread "Incoming local TCP Connector on port 59164"        [_thread_in_native, id=56488, stack(0x000000fb94000000,0x000000fb94100000) (1024K)]
  0x00000281cb18a5a0 JavaThread "Daemon periodic checks"            [_thread_blocked, id=54760, stack(0x000000fb94100000,0x000000fb94200000) (1024K)]
  0x00000281cb18e420 JavaThread "Daemon"                            [_thread_blocked, id=59332, stack(0x000000fb94200000,0x000000fb94300000) (1024K)]
  0x00000281cb190b30 JavaThread "Daemon worker"                     [_thread_in_vm, id=59372, stack(0x000000fb94500000,0x000000fb94600000) (1024K)]
  0x00000281cb18ad70 JavaThread "Handler for socket connection from /127.0.0.1:59164 to /127.0.0.1:59168"        [_thread_in_native, id=35244, stack(0x000000fb93600000,0x000000fb93700000) (1024K)]
  0x00000281cb18b540 JavaThread "Cancel handler"                    [_thread_blocked, id=58796, stack(0x000000fb93500000,0x000000fb93600000) (1024K)]
  0x00000281cb191300 JavaThread "Asynchronous log dispatcher for DefaultDaemonConnection: socket connection from /127.0.0.1:59164 to /127.0.0.1:59168"        [_thread_blocked, id=57544, stack(0x000000fb94300000,0x000000fb94400000) (1024K)]
  0x00000281cb190360 JavaThread "Stdin handler"                     [_thread_blocked, id=58692, stack(0x000000fb94400000,0x000000fb94500000) (1024K)]
  0x00000281c4b64430 JavaThread "Daemon client event forwarder"        [_thread_blocked, id=60060, stack(0x000000fb94600000,0x000000fb94700000) (1024K)]
  0x00000281cb03a9a0 JavaThread "Cache worker for journal cache (C:\Users\ADMIN\.gradle\caches\journal-1)"        [_thread_blocked, id=54280, stack(0x000000fb94700000,0x000000fb94800000) (1024K)]
  0x00000281cb037ac0 JavaThread "File lock request listener"        [_thread_in_native, id=54136, stack(0x000000fb94800000,0x000000fb94900000) (1024K)]
  0x00000281cb0372f0 JavaThread "Cache worker for file hash cache (C:\Users\ADMIN\.gradle\caches\9.5.0\fileHashes)"        [_thread_blocked, id=57416, stack(0x000000fb94a00000,0x000000fb94b00000) (1024K)]
  0x00000281cb039230 JavaThread "File lock release action executor"        [_thread_blocked, id=59932, stack(0x000000fb94d00000,0x000000fb94e00000) (1024K)]
  0x00000281cb03a1d0 JavaThread "Cache worker for file hash cache (D:\ROOMLYAPP\Mobile-Development-Ptit\Frontend-Mobile-App\.gradle\9.5.0\fileHashes)"        [_thread_blocked, id=56912, stack(0x000000fb94e00000,0x000000fb94f00000) (1024K)]
  0x00000281cc708470 JavaThread "Cache worker for Build Output Cleanup Cache (D:\ROOMLYAPP\Mobile-Development-Ptit\Frontend-Mobile-App\.gradle\buildOutputCleanup)"        [_thread_blocked, id=59776, stack(0x000000fb95000000,0x000000fb95100000) (1024K)]
  0x00000281cc709be0 JavaThread "File watcher server"        daemon [_thread_in_native, id=59612, stack(0x000000fb95100000,0x000000fb95200000) (1024K)]
  0x00000281cc706530 JavaThread "File watcher consumer"      daemon [_thread_blocked, id=59504, stack(0x000000fb95200000,0x000000fb95300000) (1024K)]
  0x00000281cc706d00 JavaThread "Cache worker for file content cache (C:\Users\ADMIN\.gradle\caches\9.5.0\fileContent)"        [_thread_blocked, id=57792, stack(0x000000fb95300000,0x000000fb95400000) (1024K)]
  0x00000281cc70ab80 JavaThread "Cache worker for checksums cache (D:\ROOMLYAPP\Mobile-Development-Ptit\Frontend-Mobile-App\.gradle\9.5.0\checksums)"        [_thread_blocked, id=51560, stack(0x000000fb95400000,0x000000fb95500000) (1024K)]
  0x00000281cc70bb20 JavaThread "Cache worker for cache directory md-supplier (C:\Users\ADMIN\.gradle\caches\9.5.0\md-supplier)"        [_thread_blocked, id=56444, stack(0x000000fb95500000,0x000000fb95600000) (1024K)]
  0x00000281cc7074d0 JavaThread "Cache worker for cache directory md-rule (C:\Users\ADMIN\.gradle\caches\9.5.0\md-rule)"        [_thread_blocked, id=60232, stack(0x000000fb94f00000,0x000000fb95000000) (1024K)]
  0x00000281cbfac290 JavaThread "Build operations"                  [_thread_blocked, id=54028, stack(0x000000fb95600000,0x000000fb95700000) (1024K)]
  0x00000281cbfada00 JavaThread "Build operations Thread 2"         [_thread_blocked, id=57400, stack(0x000000fb95700000,0x000000fb95800000) (1024K)]
  0x00000281cbfb2050 JavaThread "Build operations Thread 3"         [_thread_blocked, id=56592, stack(0x000000fb95800000,0x000000fb95900000) (1024K)]
  0x00000281cbfae9a0 JavaThread "Build operations Thread 4"         [_thread_blocked, id=60308, stack(0x000000fb95900000,0x000000fb95a00000) (1024K)]
  0x00000281cbfb37c0 JavaThread "Build operations Thread 5"         [_thread_blocked, id=58440, stack(0x000000fb95a00000,0x000000fb95b00000) (1024K)]
  0x00000281cd37b730 JavaThread "Build operations Thread 6"         [_thread_blocked, id=58984, stack(0x000000fb95b00000,0x000000fb95c00000) (1024K)]
  0x00000281cd378850 JavaThread "Build operations Thread 7"         [_thread_blocked, id=60092, stack(0x000000fb95c00000,0x000000fb95d00000) (1024K)]
  0x00000281cd37bf00 JavaThread "Build operations Thread 8"         [_thread_blocked, id=55000, stack(0x000000fb95d00000,0x000000fb95e00000) (1024K)]
  0x00000281cd37c6d0 JavaThread "Build operations Thread 9"         [_thread_blocked, id=59616, stack(0x000000fb95e00000,0x000000fb95f00000) (1024K)]
  0x00000281cd3797f0 JavaThread "Build operations Thread 10"        [_thread_blocked, id=59436, stack(0x000000fb95f00000,0x000000fb96000000) (1024K)]
  0x00000281cd379fc0 JavaThread "Build operations Thread 11"        [_thread_blocked, id=54912, stack(0x000000fb96000000,0x000000fb96100000) (1024K)]
  0x00000281cd379020 JavaThread "Build operations Thread 12"        [_thread_blocked, id=60212, stack(0x000000fb96100000,0x000000fb96200000) (1024K)]
  0x00000281cc860300 JavaThread "Memory manager"                    [_thread_blocked, id=59712, stack(0x000000fb96200000,0x000000fb96300000) (1024K)]
  0x00000281cc8612a0 JavaThread "build event listener"              [_thread_blocked, id=55992, stack(0x000000fb96300000,0x000000fb96400000) (1024K)]
=>0x00000281c9fb46d0 JavaThread "C2 CompilerThread1"         daemon [_thread_in_native, id=54064, stack(0x000000fb96400000,0x000000fb96500000) (1024K)]
Total: 48

Other Threads:
  0x00000281c207de80 VMThread "VM Thread"                           [id=56212, stack(0x000000fb92a00000,0x000000fb92b00000) (1024K)]
  0x00000281c206c890 WatcherThread "VM Periodic Task Thread"        [id=60340, stack(0x000000fb92900000,0x000000fb92a00000) (1024K)]
  0x00000281a74f0320 WorkerThread "GC Thread#0"                     [id=60044, stack(0x000000fb92400000,0x000000fb92500000) (1024K)]
  0x00000281ca1a7bf0 WorkerThread "GC Thread#1"                     [id=56008, stack(0x000000fb93700000,0x000000fb93800000) (1024K)]
  0x00000281c9ed0a30 WorkerThread "GC Thread#2"                     [id=56384, stack(0x000000fb93800000,0x000000fb93900000) (1024K)]
  0x00000281c9e370d0 WorkerThread "GC Thread#3"                     [id=60000, stack(0x000000fb93900000,0x000000fb93a00000) (1024K)]
  0x00000281c9e37500 WorkerThread "GC Thread#4"                     [id=52712, stack(0x000000fb93a00000,0x000000fb93b00000) (1024K)]
  0x00000281c9e37d40 WorkerThread "GC Thread#5"                     [id=59868, stack(0x000000fb93b00000,0x000000fb93c00000) (1024K)]
  0x00000281c9e38170 WorkerThread "GC Thread#6"                     [id=59428, stack(0x000000fb93c00000,0x000000fb93d00000) (1024K)]
  0x00000281c9e385a0 WorkerThread "GC Thread#7"                     [id=50484, stack(0x000000fb93d00000,0x000000fb93e00000) (1024K)]
  0x00000281c9efceb0 WorkerThread "GC Thread#8"                     [id=19824, stack(0x000000fb93e00000,0x000000fb93f00000) (1024K)]
  0x00000281cb2ce960 WorkerThread "GC Thread#9"                     [id=60372, stack(0x000000fb94900000,0x000000fb94a00000) (1024K)]
  0x00000281a7506230 ConcurrentGCThread "G1 Main Marker"            [id=60244, stack(0x000000fb92500000,0x000000fb92600000) (1024K)]
  0x00000281c1ee2b80 WorkerThread "G1 Conc#0"                       [id=59724, stack(0x000000fb92600000,0x000000fb92700000) (1024K)]
  0x00000281cb2ce0c0 WorkerThread "G1 Conc#1"                       [id=55904, stack(0x000000fb94b00000,0x000000fb94c00000) (1024K)]
  0x00000281cb2cc6e0 WorkerThread "G1 Conc#2"                       [id=57436, stack(0x000000fb94c00000,0x000000fb94d00000) (1024K)]
  0x00000281c1f33970 ConcurrentGCThread "G1 Refine#0"               [id=57144, stack(0x000000fb92700000,0x000000fb92800000) (1024K)]
  0x00000281c1f34380 ConcurrentGCThread "G1 Service"                [id=57104, stack(0x000000fb92800000,0x000000fb92900000) (1024K)]
Total: 18

Threads with active compile tasks:
C2 CompilerThread1  30969 9303       4       java.lang.reflect.Constructor::newInstanceWithCaller (51 bytes)
Total: 1

VM state: not at safepoint (normal execution)

VM Mutex/Monitor currently owned by a thread: None

Heap address: 0x0000000080000000, size: 2048 MB, Compressed Oops mode: 32-bit

CDS archive(s) mapped at: [0x0000000033000000-0x0000000033dd0000-0x0000000033dd0000), size 14483456, SharedBaseAddress: 0x0000000033000000, ArchiveRelocationMode: 1.
Compressed class space mapped at: 0x0000000034000000-0x0000000074000000, reserved size: 1073741824
UseCompressedClassPointers 1, UseCompactObjectHeaders 0
Narrow klass pointer bits 32, Max shift 3
Narrow klass base: 0x0000000033000000, Narrow klass shift: 0
Encoding Range: [0x0000000033000000 - 0x0000000133000000), (4294967296 bytes)
Klass Range:    [0x0000000033010000 - 0x0000000074000000), (1090453504 bytes)
Klass ID Range:  [65536 - 1090519033) (1090453497)
Protection zone: [0x0000000033000000 - 0x0000000033010000), (65536 bytes)

GC Precious Log:
 CardTable entry size: 512
 Card Set container configuration: InlinePtr #cards 5 size 8 Array Of Cards #cards 10 size 36 Howl #buckets 4 coarsen threshold 1843 Howl Bitmap #cards 512 size 80 coarsen threshold 460 Card regions per heap region 1 cards per card region 2048
 CPUs: 12 total, 12 available
 Memory: 24283M
 Large Page Support: Disabled
 NUMA Support: Disabled
 Compressed Oops: Enabled (32-bit)
 Heap Region Size: 1M
 Heap Min Capacity: 8M
 Heap Initial Capacity: 380M
 Heap Max Capacity: 2G
 Pre-touch: Disabled
 Parallel Workers: 10
 Concurrent Workers: 3
 Concurrent Refinement Workers: 10
 Periodic GC: Disabled

Heap:
 garbage-first heap   total reserved 2097152K, committed 137216K, used 109788K [0x0000000080000000, 0x0000000100000000)
  region size 1024K, 39 young (39936K), 2 survivors (2048K)

Heap Regions: E=young(eden), S=young(survivor), O=old, HS=humongous(starts), HC=humongous(continues), CS=collection set, F=free, TAMS=top-at-mark-start, PB=parsable bottom
|   0|0x0000000080000000, 0x0000000080100000, 0x0000000080100000|100%|HS|  |TAMS 0x0000000080000000| PB 0x0000000080000000| Complete |  0
|   1|0x0000000080100000, 0x0000000080200000, 0x0000000080200000|100%|HC|  |TAMS 0x0000000080100000| PB 0x0000000080100000| Complete |  0
|   2|0x0000000080200000, 0x0000000080300000, 0x0000000080300000|100%|HC|  |TAMS 0x0000000080200000| PB 0x0000000080200000| Complete |  0
|   3|0x0000000080300000, 0x0000000080400000, 0x0000000080400000|100%|HC|  |TAMS 0x0000000080300000| PB 0x0000000080300000| Complete |  0
|   4|0x0000000080400000, 0x0000000080500000, 0x0000000080500000|100%| O|  |TAMS 0x0000000080400000| PB 0x0000000080400000| Untracked |  0
|   5|0x0000000080500000, 0x0000000080600000, 0x0000000080600000|100%| O|  |TAMS 0x0000000080500000| PB 0x0000000080500000| Untracked |  0
|   6|0x0000000080600000, 0x0000000080700000, 0x0000000080700000|100%|HS|  |TAMS 0x0000000080600000| PB 0x0000000080600000| Complete |  0
|   7|0x0000000080700000, 0x0000000080800000, 0x0000000080800000|100%| O|  |TAMS 0x0000000080700000| PB 0x0000000080700000| Untracked |  0
|   8|0x0000000080800000, 0x0000000080900000, 0x0000000080900000|100%| O|  |TAMS 0x0000000080800000| PB 0x0000000080800000| Untracked |  0
|   9|0x0000000080900000, 0x0000000080a00000, 0x0000000080a00000|100%| O|  |TAMS 0x0000000080900000| PB 0x0000000080900000| Untracked |  0
|  10|0x0000000080a00000, 0x0000000080b00000, 0x0000000080b00000|100%| O|  |TAMS 0x0000000080a00000| PB 0x0000000080a00000| Untracked |  0
|  11|0x0000000080b00000, 0x0000000080c00000, 0x0000000080c00000|100%| O|  |TAMS 0x0000000080b00000| PB 0x0000000080b00000| Untracked |  0
|  12|0x0000000080c00000, 0x0000000080d00000, 0x0000000080d00000|100%| O|  |TAMS 0x0000000080c00000| PB 0x0000000080c00000| Untracked |  0
|  13|0x0000000080d00000, 0x0000000080e00000, 0x0000000080e00000|100%| O|  |TAMS 0x0000000080d00000| PB 0x0000000080d00000| Untracked |  0
|  14|0x0000000080e00000, 0x0000000080f00000, 0x0000000080f00000|100%| O|  |TAMS 0x0000000080e00000| PB 0x0000000080e00000| Untracked |  0
|  15|0x0000000080f00000, 0x0000000081000000, 0x0000000081000000|100%| O|  |TAMS 0x0000000080f00000| PB 0x0000000080f00000| Untracked |  0
|  16|0x0000000081000000, 0x0000000081100000, 0x0000000081100000|100%| O|  |TAMS 0x0000000081000000| PB 0x0000000081000000| Untracked |  0
|  17|0x0000000081100000, 0x0000000081200000, 0x0000000081200000|100%| O|  |TAMS 0x0000000081100000| PB 0x0000000081100000| Untracked |  0
|  18|0x0000000081200000, 0x0000000081300000, 0x0000000081300000|100%| O|  |TAMS 0x0000000081200000| PB 0x0000000081200000| Untracked |  0
|  19|0x0000000081300000, 0x0000000081400000, 0x0000000081400000|100%| O|  |TAMS 0x0000000081300000| PB 0x0000000081300000| Untracked |  0
|  20|0x0000000081400000, 0x0000000081500000, 0x0000000081500000|100%| O|  |TAMS 0x0000000081400000| PB 0x0000000081400000| Untracked |  0
|  21|0x0000000081500000, 0x0000000081600000, 0x0000000081600000|100%| O|  |TAMS 0x0000000081500000| PB 0x0000000081500000| Untracked |  0
|  22|0x0000000081600000, 0x0000000081700000, 0x0000000081700000|100%| O|  |TAMS 0x0000000081600000| PB 0x0000000081600000| Untracked |  0
|  23|0x0000000081700000, 0x0000000081800000, 0x0000000081800000|100%| O|  |TAMS 0x0000000081700000| PB 0x0000000081700000| Untracked |  0
|  24|0x0000000081800000, 0x0000000081900000, 0x0000000081900000|100%| O|  |TAMS 0x0000000081800000| PB 0x0000000081800000| Untracked |  0
|  25|0x0000000081900000, 0x0000000081a00000, 0x0000000081a00000|100%| O|  |TAMS 0x0000000081900000| PB 0x0000000081900000| Untracked |  0
|  26|0x0000000081a00000, 0x0000000081b00000, 0x0000000081b00000|100%| O|  |TAMS 0x0000000081a00000| PB 0x0000000081a00000| Untracked |  0
|  27|0x0000000081b00000, 0x0000000081c00000, 0x0000000081c00000|100%| O|  |TAMS 0x0000000081b00000| PB 0x0000000081b00000| Untracked |  0
|  28|0x0000000081c00000, 0x0000000081d00000, 0x0000000081d00000|100%| O|Cm|TAMS 0x0000000081c00000| PB 0x0000000081c00000| Complete |  0
|  29|0x0000000081d00000, 0x0000000081e00000, 0x0000000081e00000|100%| O|  |TAMS 0x0000000081d00000| PB 0x0000000081d00000| Untracked |  0
|  30|0x0000000081e00000, 0x0000000081f00000, 0x0000000081f00000|100%| O|  |TAMS 0x0000000081e00000| PB 0x0000000081e00000| Untracked |  0
|  31|0x0000000081f00000, 0x0000000082000000, 0x0000000082000000|100%| O|  |TAMS 0x0000000081f00000| PB 0x0000000081f00000| Untracked |  0
|  32|0x0000000082000000, 0x0000000082100000, 0x0000000082100000|100%| O|  |TAMS 0x0000000082000000| PB 0x0000000082000000| Untracked |  0
|  33|0x0000000082100000, 0x0000000082200000, 0x0000000082200000|100%|HS|  |TAMS 0x0000000082100000| PB 0x0000000082100000| Complete |  0
|  34|0x0000000082200000, 0x0000000082300000, 0x0000000082300000|100%|HS|  |TAMS 0x0000000082200000| PB 0x0000000082200000| Complete |  0
|  35|0x0000000082300000, 0x0000000082400000, 0x0000000082400000|100%|HS|  |TAMS 0x0000000082300000| PB 0x0000000082300000| Complete |  0
|  36|0x0000000082400000, 0x0000000082500000, 0x0000000082500000|100%|HC|  |TAMS 0x0000000082400000| PB 0x0000000082400000| Complete |  0
|  37|0x0000000082500000, 0x0000000082600000, 0x0000000082600000|100%|HS|  |TAMS 0x0000000082500000| PB 0x0000000082500000| Complete |  0
|  38|0x0000000082600000, 0x0000000082700000, 0x0000000082700000|100%| O|  |TAMS 0x0000000082600000| PB 0x0000000082600000| Untracked |  0
|  39|0x0000000082700000, 0x0000000082800000, 0x0000000082800000|100%| O|Cm|TAMS 0x0000000082700000| PB 0x0000000082700000| Complete |  0
|  40|0x0000000082800000, 0x0000000082900000, 0x0000000082900000|100%| O|  |TAMS 0x0000000082800000| PB 0x0000000082800000| Untracked |  0
|  41|0x0000000082900000, 0x0000000082a00000, 0x0000000082a00000|100%|HS|  |TAMS 0x0000000082900000| PB 0x0000000082900000| Complete |  0
|  42|0x0000000082a00000, 0x0000000082b00000, 0x0000000082b00000|100%|HS|  |TAMS 0x0000000082a00000| PB 0x0000000082a00000| Complete |  0
|  43|0x0000000082b00000, 0x0000000082c00000, 0x0000000082c00000|100%| O|  |TAMS 0x0000000082b00000| PB 0x0000000082b00000| Untracked |  0
|  44|0x0000000082c00000, 0x0000000082d00000, 0x0000000082d00000|100%|HS|  |TAMS 0x0000000082c00000| PB 0x0000000082c00000| Complete |  0
|  45|0x0000000082d00000, 0x0000000082e00000, 0x0000000082e00000|100%|HS|  |TAMS 0x0000000082d00000| PB 0x0000000082d00000| Complete |  0
|  46|0x0000000082e00000, 0x0000000082f00000, 0x0000000082f00000|100%|HS|  |TAMS 0x0000000082e00000| PB 0x0000000082e00000| Complete |  0
|  47|0x0000000082f00000, 0x0000000083000000, 0x0000000083000000|100%| O|  |TAMS 0x0000000082f00000| PB 0x0000000082f00000| Untracked |  0
|  48|0x0000000083000000, 0x0000000083100000, 0x0000000083100000|100%|HS|  |TAMS 0x0000000083000000| PB 0x0000000083000000| Complete |  0
|  49|0x0000000083100000, 0x0000000083200000, 0x0000000083200000|100%|HC|  |TAMS 0x0000000083100000| PB 0x0000000083100000| Complete |  0
|  50|0x0000000083200000, 0x0000000083300000, 0x0000000083300000|100%| O|  |TAMS 0x0000000083200000| PB 0x0000000083200000| Untracked |  0
|  51|0x0000000083300000, 0x0000000083400000, 0x0000000083400000|100%| O|  |TAMS 0x0000000083300000| PB 0x0000000083300000| Untracked |  0
|  52|0x0000000083400000, 0x0000000083500000, 0x0000000083500000|100%| O|  |TAMS 0x0000000083400000| PB 0x0000000083400000| Untracked |  0
|  53|0x0000000083500000, 0x0000000083600000, 0x0000000083600000|100%|HS|  |TAMS 0x0000000083500000| PB 0x0000000083500000| Complete |  0
|  54|0x0000000083600000, 0x0000000083700000, 0x0000000083700000|100%| O|  |TAMS 0x0000000083600000| PB 0x0000000083600000| Untracked |  0
|  55|0x0000000083700000, 0x0000000083700000, 0x0000000083800000|  0%| F|  |TAMS 0x0000000083700000| PB 0x0000000083700000| Untracked |  0
|  56|0x0000000083800000, 0x0000000083800000, 0x0000000083900000|  0%| F|  |TAMS 0x0000000083800000| PB 0x0000000083800000| Untracked |  0
|  57|0x0000000083900000, 0x0000000083a00000, 0x0000000083a00000|100%| O|  |TAMS 0x0000000083900000| PB 0x0000000083900000| Untracked |  0
|  58|0x0000000083a00000, 0x0000000083b00000, 0x0000000083b00000|100%| O|  |TAMS 0x0000000083a00000| PB 0x0000000083a00000| Untracked |  0
|  59|0x0000000083b00000, 0x0000000083c00000, 0x0000000083c00000|100%| O|  |TAMS 0x0000000083b00000| PB 0x0000000083b00000| Untracked |  0
|  60|0x0000000083c00000, 0x0000000083d00000, 0x0000000083d00000|100%| O|  |TAMS 0x0000000083c00000| PB 0x0000000083c00000| Untracked |  0
|  61|0x0000000083d00000, 0x0000000083d00000, 0x0000000083e00000|  0%| F|  |TAMS 0x0000000083d00000| PB 0x0000000083d00000| Untracked |  0
|  62|0x0000000083e00000, 0x0000000083f00000, 0x0000000083f00000|100%| O|  |TAMS 0x0000000083e00000| PB 0x0000000083e00000| Untracked |  0
|  63|0x0000000083f00000, 0x0000000084000000, 0x0000000084000000|100%| O|  |TAMS 0x0000000083f00000| PB 0x0000000083f00000| Untracked |  0
|  64|0x0000000084000000, 0x0000000084100000, 0x0000000084100000|100%| O|  |TAMS 0x0000000084000000| PB 0x0000000084000000| Untracked |  0
|  65|0x0000000084100000, 0x000000008417c968, 0x0000000084200000| 48%| O|  |TAMS 0x0000000084100000| PB 0x0000000084100000| Untracked |  0
|  66|0x0000000084200000, 0x0000000084200000, 0x0000000084300000|  0%| F|  |TAMS 0x0000000084200000| PB 0x0000000084200000| Untracked |  0
|  67|0x0000000084300000, 0x0000000084300000, 0x0000000084400000|  0%| F|  |TAMS 0x0000000084300000| PB 0x0000000084300000| Untracked |  0
|  68|0x0000000084400000, 0x0000000084400000, 0x0000000084500000|  0%| F|  |TAMS 0x0000000084400000| PB 0x0000000084400000| Untracked |  0
|  69|0x0000000084500000, 0x0000000084500000, 0x0000000084600000|  0%| F|  |TAMS 0x0000000084500000| PB 0x0000000084500000| Untracked |  0
|  70|0x0000000084600000, 0x0000000084600000, 0x0000000084700000|  0%| F|  |TAMS 0x0000000084600000| PB 0x0000000084600000| Untracked |  0
|  71|0x0000000084700000, 0x0000000084700000, 0x0000000084800000|  0%| F|  |TAMS 0x0000000084700000| PB 0x0000000084700000| Untracked |  0
|  72|0x0000000084800000, 0x0000000084800000, 0x0000000084900000|  0%| F|  |TAMS 0x0000000084800000| PB 0x0000000084800000| Untracked |  0
|  73|0x0000000084900000, 0x0000000084900000, 0x0000000084a00000|  0%| F|  |TAMS 0x0000000084900000| PB 0x0000000084900000| Untracked |  0
|  74|0x0000000084a00000, 0x0000000084a00000, 0x0000000084b00000|  0%| F|  |TAMS 0x0000000084a00000| PB 0x0000000084a00000| Untracked |  0
|  75|0x0000000084b00000, 0x0000000084b00000, 0x0000000084c00000|  0%| F|  |TAMS 0x0000000084b00000| PB 0x0000000084b00000| Untracked |  0
|  76|0x0000000084c00000, 0x0000000084c00000, 0x0000000084d00000|  0%| F|  |TAMS 0x0000000084c00000| PB 0x0000000084c00000| Untracked |  0
|  77|0x0000000084d00000, 0x0000000084d00000, 0x0000000084e00000|  0%| F|  |TAMS 0x0000000084d00000| PB 0x0000000084d00000| Untracked |  0
|  78|0x0000000084e00000, 0x0000000084e00000, 0x0000000084f00000|  0%| F|  |TAMS 0x0000000084e00000| PB 0x0000000084e00000| Untracked |  0
|  79|0x0000000084f00000, 0x0000000084f00000, 0x0000000085000000|  0%| F|  |TAMS 0x0000000084f00000| PB 0x0000000084f00000| Untracked |  0
|  80|0x0000000085000000, 0x0000000085000000, 0x0000000085100000|  0%| F|  |TAMS 0x0000000085000000| PB 0x0000000085000000| Untracked |  0
|  81|0x0000000085100000, 0x0000000085100000, 0x0000000085200000|  0%| F|  |TAMS 0x0000000085100000| PB 0x0000000085100000| Untracked |  0
|  82|0x0000000085200000, 0x0000000085200000, 0x0000000085300000|  0%| F|  |TAMS 0x0000000085200000| PB 0x0000000085200000| Untracked |  0
|  83|0x0000000085300000, 0x0000000085300000, 0x0000000085400000|  0%| F|  |TAMS 0x0000000085300000| PB 0x0000000085300000| Untracked |  0
|  84|0x0000000085400000, 0x0000000085400000, 0x0000000085500000|  0%| F|  |TAMS 0x0000000085400000| PB 0x0000000085400000| Untracked |  0
|  85|0x0000000085500000, 0x0000000085500000, 0x0000000085600000|  0%| F|  |TAMS 0x0000000085500000| PB 0x0000000085500000| Untracked |  0
|  86|0x0000000085600000, 0x0000000085600000, 0x0000000085700000|  0%| F|  |TAMS 0x0000000085600000| PB 0x0000000085600000| Untracked |  0
|  87|0x0000000085700000, 0x0000000085700000, 0x0000000085800000|  0%| F|  |TAMS 0x0000000085700000| PB 0x0000000085700000| Untracked |  0
|  88|0x0000000085800000, 0x0000000085900000, 0x0000000085900000|100%| E|  |TAMS 0x0000000085800000| PB 0x0000000085800000| Complete |  0
|  89|0x0000000085900000, 0x0000000085a00000, 0x0000000085a00000|100%| E|CS|TAMS 0x0000000085900000| PB 0x0000000085900000| Complete |  0
|  90|0x0000000085a00000, 0x0000000085b00000, 0x0000000085b00000|100%| E|CS|TAMS 0x0000000085a00000| PB 0x0000000085a00000| Complete |  0
|  91|0x0000000085b00000, 0x0000000085c00000, 0x0000000085c00000|100%| E|CS|TAMS 0x0000000085b00000| PB 0x0000000085b00000| Complete |  0
|  92|0x0000000085c00000, 0x0000000085d00000, 0x0000000085d00000|100%| E|CS|TAMS 0x0000000085c00000| PB 0x0000000085c00000| Complete |  0
|  93|0x0000000085d00000, 0x0000000085e00000, 0x0000000085e00000|100%| E|CS|TAMS 0x0000000085d00000| PB 0x0000000085d00000| Complete |  0
|  94|0x0000000085e00000, 0x0000000085f00000, 0x0000000085f00000|100%| E|CS|TAMS 0x0000000085e00000| PB 0x0000000085e00000| Complete |  0
|  95|0x0000000085f00000, 0x0000000086000000, 0x0000000086000000|100%| E|CS|TAMS 0x0000000085f00000| PB 0x0000000085f00000| Complete |  0
|  96|0x0000000086000000, 0x0000000086100000, 0x0000000086100000|100%| E|CS|TAMS 0x0000000086000000| PB 0x0000000086000000| Complete |  0
|  97|0x0000000086100000, 0x0000000086200000, 0x0000000086200000|100%| E|CS|TAMS 0x0000000086100000| PB 0x0000000086100000| Complete |  0
|  98|0x0000000086200000, 0x0000000086300000, 0x0000000086300000|100%| E|CS|TAMS 0x0000000086200000| PB 0x0000000086200000| Complete |  0
|  99|0x0000000086300000, 0x0000000086400000, 0x0000000086400000|100%| E|CS|TAMS 0x0000000086300000| PB 0x0000000086300000| Complete |  0
| 100|0x0000000086400000, 0x0000000086500000, 0x0000000086500000|100%| E|CS|TAMS 0x0000000086400000| PB 0x0000000086400000| Complete |  0
| 101|0x0000000086500000, 0x0000000086600000, 0x0000000086600000|100%| E|CS|TAMS 0x0000000086500000| PB 0x0000000086500000| Complete |  0
| 102|0x0000000086600000, 0x0000000086700000, 0x0000000086700000|100%| E|CS|TAMS 0x0000000086600000| PB 0x0000000086600000| Complete |  0
| 103|0x0000000086700000, 0x0000000086800000, 0x0000000086800000|100%| E|CS|TAMS 0x0000000086700000| PB 0x0000000086700000| Complete |  0
| 104|0x0000000086800000, 0x0000000086900000, 0x0000000086900000|100%| E|CS|TAMS 0x0000000086800000| PB 0x0000000086800000| Complete |  0
| 105|0x0000000086900000, 0x0000000086a00000, 0x0000000086a00000|100%| E|CS|TAMS 0x0000000086900000| PB 0x0000000086900000| Complete |  0
| 106|0x0000000086a00000, 0x0000000086b00000, 0x0000000086b00000|100%| E|CS|TAMS 0x0000000086a00000| PB 0x0000000086a00000| Complete |  0
| 107|0x0000000086b00000, 0x0000000086c00000, 0x0000000086c00000|100%| E|CS|TAMS 0x0000000086b00000| PB 0x0000000086b00000| Complete |  0
| 237|0x000000008ed00000, 0x000000008ee00000, 0x000000008ee00000|100%| E|CS|TAMS 0x000000008ed00000| PB 0x000000008ed00000| Complete |  0
| 238|0x000000008ee00000, 0x000000008ef00000, 0x000000008ef00000|100%| E|CS|TAMS 0x000000008ee00000| PB 0x000000008ee00000| Complete |  0
| 239|0x000000008ef00000, 0x000000008f000000, 0x000000008f000000|100%| E|CS|TAMS 0x000000008ef00000| PB 0x000000008ef00000| Complete |  0
| 240|0x000000008f000000, 0x000000008f100000, 0x000000008f100000|100%| E|CS|TAMS 0x000000008f000000| PB 0x000000008f000000| Complete |  0
| 241|0x000000008f100000, 0x000000008f200000, 0x000000008f200000|100%| E|CS|TAMS 0x000000008f100000| PB 0x000000008f100000| Complete |  0
| 242|0x000000008f200000, 0x000000008f300000, 0x000000008f300000|100%| E|CS|TAMS 0x000000008f200000| PB 0x000000008f200000| Complete |  0
| 243|0x000000008f300000, 0x000000008f400000, 0x000000008f400000|100%| E|CS|TAMS 0x000000008f300000| PB 0x000000008f300000| Complete |  0
| 244|0x000000008f400000, 0x000000008f500000, 0x000000008f500000|100%| E|CS|TAMS 0x000000008f400000| PB 0x000000008f400000| Complete |  0
| 245|0x000000008f500000, 0x000000008f600000, 0x000000008f600000|100%| E|CS|TAMS 0x000000008f500000| PB 0x000000008f500000| Complete |  0
| 246|0x000000008f600000, 0x000000008f700000, 0x000000008f700000|100%| E|CS|TAMS 0x000000008f600000| PB 0x000000008f600000| Complete |  0
| 247|0x000000008f700000, 0x000000008f800000, 0x000000008f800000|100%| E|CS|TAMS 0x000000008f700000| PB 0x000000008f700000| Complete |  0
| 248|0x000000008f800000, 0x000000008f900000, 0x000000008f900000|100%| E|CS|TAMS 0x000000008f800000| PB 0x000000008f800000| Complete |  0
| 249|0x000000008f900000, 0x000000008f9ba900, 0x000000008fa00000| 72%| S|CS|TAMS 0x000000008f900000| PB 0x000000008f900000| Complete |  0
| 250|0x000000008fa00000, 0x000000008fb00000, 0x000000008fb00000|100%| S|CS|TAMS 0x000000008fa00000| PB 0x000000008fa00000| Complete |  0
| 251|0x000000008fb00000, 0x000000008fc00000, 0x000000008fc00000|100%| E|CS|TAMS 0x000000008fb00000| PB 0x000000008fb00000| Complete |  0
| 252|0x000000008fc00000, 0x000000008fd00000, 0x000000008fd00000|100%| E|CS|TAMS 0x000000008fc00000| PB 0x000000008fc00000| Complete |  0
| 253|0x000000008fd00000, 0x000000008fe00000, 0x000000008fe00000|100%| E|CS|TAMS 0x000000008fd00000| PB 0x000000008fd00000| Complete |  0
| 379|0x0000000097b00000, 0x0000000097c00000, 0x0000000097c00000|100%| E|CS|TAMS 0x0000000097b00000| PB 0x0000000097b00000| Complete |  0
|2040|0x00000000ff800000, 0x00000000ff900000, 0x00000000ff900000|100%| O|  |TAMS 0x00000000ff800000| PB 0x00000000ff800000| Untracked |  0
|2041|0x00000000ff900000, 0x00000000ffa00000, 0x00000000ffa00000|100%| O|  |TAMS 0x00000000ff900000| PB 0x00000000ff900000| Untracked |  0
|2042|0x00000000ffa00000, 0x00000000ffb00000, 0x00000000ffb00000|100%| O|  |TAMS 0x00000000ffa00000| PB 0x00000000ffa00000| Untracked |  0
|2043|0x00000000ffb00000, 0x00000000ffc00000, 0x00000000ffc00000|100%| O|  |TAMS 0x00000000ffb00000| PB 0x00000000ffb00000| Untracked |  0
|2044|0x00000000ffc00000, 0x00000000ffd00000, 0x00000000ffd00000|100%| O|  |TAMS 0x00000000ffc00000| PB 0x00000000ffc00000| Untracked |  0
|2045|0x00000000ffd00000, 0x00000000ffe00000, 0x00000000ffe00000|100%| O|  |TAMS 0x00000000ffd00000| PB 0x00000000ffd00000| Untracked |  0
|2046|0x00000000ffe00000, 0x00000000fff00000, 0x00000000fff00000|100%| O|  |TAMS 0x00000000ffe00000| PB 0x00000000ffe00000| Untracked |  0
|2047|0x00000000fff00000, 0x0000000100000000, 0x0000000100000000|100%| E|CS|TAMS 0x00000000fff00000| PB 0x00000000fff00000| Complete |  0

Card table byte_map: [0x00000281bfa10000,0x00000281bfe10000] _byte_map_base: 0x00000281bf610000

Marking Bits: (CMBitMap*) 0x00000281a74f0ab0
 Bits: [0x00000281bfe10000, 0x00000281c1e10000)

Polling page: 0x00000281a5650000

Metaspace:
Metaspace        used 70306K, committed 72320K, reserved 1114112K
 class space     used 10310K, committed 11264K, reserved 1048576K

Usage:
  Non-class:     58.59 MB used.
      Class:     10.07 MB used.
       Both:     68.66 MB used.

Virtual space:
  Non-class space:       64.00 MB reserved,      59.62 MB ( 93%) committed,  1 nodes.
      Class space:        1.00 GB reserved,      11.00 MB (  1%) committed,  1 nodes.
             Both:        1.06 GB reserved,      70.62 MB (  6%) committed. 

Chunk freelists:
   Non-Class:  4.34 MB
       Class:  4.97 MB
        Both:  9.31 MB

MaxMetaspaceSize: unlimited
CompressedClassSpaceSize: 1.00 GB
Initial GC threshold: 21.00 MB
Current GC threshold: 113.75 MB
CDS: on
 - commit_granule_bytes: 65536.
 - commit_granule_words: 8192.
 - virtual_space_node_default_size: 8388608.
 - enlarge_chunks_in_place: 1.
UseCompressedClassPointers 1, UseCompactObjectHeaders 0
Narrow klass pointer bits 32, Max shift 3
Narrow klass base: 0x0000000033000000, Narrow klass shift: 0
Encoding Range: [0x0000000033000000 - 0x0000000133000000), (4294967296 bytes)
Klass Range:    [0x0000000033010000 - 0x0000000074000000), (1090453504 bytes)
Klass ID Range:  [65536 - 1090519033) (1090453497)
Protection zone: [0x0000000033000000 - 0x0000000033010000), (65536 bytes)


Internal statistics:

num_allocs_failed_limit: 9.
num_arena_births: 3474.
num_arena_deaths: 0.
num_vsnodes_births: 2.
num_vsnodes_deaths: 0.
num_space_committed: 1130.
num_space_uncommitted: 0.
num_chunks_returned_to_freelist: 9.
num_chunks_taken_from_freelist: 6626.
num_chunk_merges: 6.
num_chunk_splits: 4365.
num_chunks_enlarged: 2830.
num_inconsistent_stats: 0.

CodeHeap 'non-profiled nmethods': size=120064Kb used=3566Kb max_used=3670Kb free=116497Kb
 bounds [0x00000281b7a60000, 0x00000281b7e10000, 0x00000281befa0000]
CodeHeap 'profiled nmethods': size=120064Kb used=11603Kb max_used=12352Kb free=108460Kb
 bounds [0x00000281aff80000, 0x00000281b0ba0000, 0x00000281b74c0000]
CodeHeap 'non-nmethods': size=5760Kb used=2005Kb max_used=2142Kb free=3754Kb
 bounds [0x00000281b74c0000, 0x00000281b7730000, 0x00000281b7a60000]
CodeCache: size=245888Kb, used=17174Kb, max_used=18164Kb, free=228711Kb
 total_blobs=8989, nmethods=8132, adapters=760, full_count=0
Compilation: enabled, stopped_count=0, restarted_count=0

Compilation events (20 events):
Event: 30.865 Thread 0x00000281c4b6a4b0 nmethod 9328 0x00000281b0434188 code [0x00000281b0434280, 0x00000281b0434f90]
Event: 30.865 Thread 0x00000281c4b6a4b0 9329   !   3       java.lang.invoke.MethodHandles$Lookup::validateAndFindInternalName (235 bytes)
Event: 30.867 Thread 0x00000281c4b6a4b0 nmethod 9329 0x00000281b0653e88 code [0x00000281b0653f80, 0x00000281b0656cb8]
Event: 30.867 Thread 0x00000281c4b6a4b0 9330       3       java.lang.invoke.MethodHandles$Lookup::readInt (65 bytes)
Event: 30.867 Thread 0x00000281c4b6a4b0 nmethod 9330 0x00000281b0250508 code [0x00000281b0250600, 0x00000281b02508c0]
Event: 30.876 Thread 0x00000281c4b6a4b0 9331       3       kotlin.collections.CollectionsKt___CollectionsKt::toSet (141 bytes)
Event: 30.877 Thread 0x00000281c4b6a4b0 nmethod 9331 0x00000281b06dda88 code [0x00000281b06ddba0, 0x00000281b06df468]
Event: 30.878 Thread 0x00000281c4b6a4b0 9332       3       org.objectweb.asm.MethodWriter::visitLabel (332 bytes)
Event: 30.879 Thread 0x00000281c4b6a4b0 nmethod 9332 0x00000281b0507788 code [0x00000281b0507880, 0x00000281b0508590]
Event: 30.880 Thread 0x00000281c4b6a4b0 9333       3       java.lang.invoke.MethodHandles$Lookup::newLookup (15 bytes)
Event: 30.880 Thread 0x00000281c4b6a4b0 nmethod 9333 0x00000281b027ca08 code [0x00000281b027cb00, 0x00000281b027ccd8]
Event: 30.881 Thread 0x00000281c4b6a4b0 9334       3       java.lang.invoke.MethodHandles$Lookup::defineClass (36 bytes)
Event: 30.882 Thread 0x00000281c4b6a4b0 nmethod 9334 0x00000281b02cd288 code [0x00000281b02cd380, 0x00000281b02cd918]
Event: 30.882 Thread 0x00000281c4b6a4b0 9335       3       java.lang.invoke.MethodHandles$Lookup::makeClassDefiner (27 bytes)
Event: 30.882 Thread 0x00000281c4b6a4b0 nmethod 9335 0x00000281affcbf08 code [0x00000281affcc000, 0x00000281affcc3b0]
Event: 30.883 Thread 0x00000281c4b6a4b0 9336       3       org.gradle.internal.instantiation.generator.AbstractClassGenerator$GeneratedClassImpl$GeneratedConstructorImpl::<init> (27 bytes)
Event: 30.883 Thread 0x00000281c4b6a4b0 nmethod 9336 0x00000281b02cb888 code [0x00000281b02cb980, 0x00000281b02cbed8]
Event: 30.883 Thread 0x00000281c4b6a4b0 9337       3       org.gradle.internal.instantiation.generator.AsmBackedClassGenerator::createUsingConstructor (13 bytes)
Event: 30.883 Thread 0x00000281c4b6a4b0 nmethod 9337 0x00000281b0890e08 code [0x00000281b0890f00, 0x00000281b0891268]
Event: 30.885 Thread 0x00000281c209e5c0 9338       4       org.objectweb.asm.ByteVector::putUTF8 (144 bytes)

GC Heap Usage History (20 events):
Event: 10.531 {heap Before GC invocations=7 (full 0):
 garbage-first heap   total reserved 2097152K, committed 109568K, used 85709K [0x0000000080000000, 0x0000000100000000)
  region size 1024K, 57 young (58368K), 4 survivors (4096K)
}
Event: 10.542 {heap After GC invocations=8 (full 0):
 garbage-first heap   total reserved 2097152K, committed 109568K, used 34820K [0x0000000080000000, 0x0000000100000000)
  region size 1024K, 7 young (7168K), 7 survivors (7168K)
}
Event: 13.942 {heap Before GC invocations=8 (full 0):
 garbage-first heap   total reserved 2097152K, committed 109568K, used 89092K [0x0000000080000000, 0x0000000100000000)
  region size 1024K, 60 young (61440K), 7 survivors (7168K)
}
Event: 13.955 {heap After GC invocations=9 (full 0):
 garbage-first heap   total reserved 2097152K, committed 109568K, used 36678K [0x0000000080000000, 0x0000000100000000)
  region size 1024K, 7 young (7168K), 7 survivors (7168K)
}
Event: 16.551 {heap Before GC invocations=9 (full 0):
 garbage-first heap   total reserved 2097152K, committed 109568K, used 90950K [0x0000000080000000, 0x0000000100000000)
  region size 1024K, 60 young (61440K), 7 survivors (7168K)
}
Event: 16.565 {heap After GC invocations=10 (full 0):
 garbage-first heap   total reserved 2097152K, committed 109568K, used 38644K [0x0000000080000000, 0x0000000100000000)
  region size 1024K, 5 young (5120K), 5 survivors (5120K)
}
Event: 19.691 {heap Before GC invocations=10 (full 0):
 garbage-first heap   total reserved 2097152K, committed 109568K, used 92916K [0x0000000080000000, 0x0000000100000000)
  region size 1024K, 59 young (60416K), 5 survivors (5120K)
}
Event: 19.708 {heap After GC invocations=11 (full 0):
 garbage-first heap   total reserved 2097152K, committed 109568K, used 44393K [0x0000000080000000, 0x0000000100000000)
  region size 1024K, 8 young (8192K), 8 survivors (8192K)
}
Event: 20.991 {heap Before GC invocations=11 (full 0):
 garbage-first heap   total reserved 2097152K, committed 109568K, used 93545K [0x0000000080000000, 0x0000000100000000)
  region size 1024K, 57 young (58368K), 8 survivors (8192K)
}
Event: 21.004 {heap After GC invocations=12 (full 0):
 garbage-first heap   total reserved 2097152K, committed 109568K, used 46915K [0x0000000080000000, 0x0000000100000000)
  region size 1024K, 4 young (4096K), 4 survivors (4096K)
}
Event: 21.553 {heap Before GC invocations=12 (full 0):
 garbage-first heap   total reserved 2097152K, committed 109568K, used 69443K [0x0000000080000000, 0x0000000100000000)
  region size 1024K, 23 young (23552K), 4 survivors (4096K)
}
Event: 21.560 {heap After GC invocations=13 (full 0):
 garbage-first heap   total reserved 2097152K, committed 132096K, used 55178K [0x0000000080000000, 0x0000000100000000)
  region size 1024K, 7 young (7168K), 7 survivors (7168K)
}
Event: 23.109 {heap Before GC invocations=13 (full 0):
 garbage-first heap   total reserved 2097152K, committed 132096K, used 113546K [0x0000000080000000, 0x0000000100000000)
  region size 1024K, 60 young (61440K), 7 survivors (7168K)
}
Event: 23.116 {heap After GC invocations=14 (full 0):
 garbage-first heap   total reserved 2097152K, committed 132096K, used 62665K [0x0000000080000000, 0x0000000100000000)
  region size 1024K, 8 young (8192K), 8 survivors (8192K)
}
Event: 25.220 {heap Before GC invocations=15 (full 0):
 garbage-first heap   total reserved 2097152K, committed 132096K, used 118985K [0x0000000080000000, 0x0000000100000000)
  region size 1024K, 61 young (62464K), 8 survivors (8192K)
}
Event: 25.230 {heap After GC invocations=16 (full 0):
 garbage-first heap   total reserved 2097152K, committed 132096K, used 66625K [0x0000000080000000, 0x0000000100000000)
  region size 1024K, 7 young (7168K), 7 survivors (7168K)
}
Event: 28.580 {heap Before GC invocations=16 (full 0):
 garbage-first heap   total reserved 2097152K, committed 132096K, used 122945K [0x0000000080000000, 0x0000000100000000)
  region size 1024K, 58 young (59392K), 7 survivors (7168K)
}
Event: 28.631 {heap After GC invocations=17 (full 0):
 garbage-first heap   total reserved 2097152K, committed 137216K, used 74542K [0x0000000080000000, 0x0000000100000000)
  region size 1024K, 8 young (8192K), 8 survivors (8192K)
}
Event: 28.873 {heap Before GC invocations=17 (full 0):
 garbage-first heap   total reserved 2097152K, committed 137216K, used 78638K [0x0000000080000000, 0x0000000100000000)
  region size 1024K, 13 young (13312K), 8 survivors (8192K)
}
Event: 28.882 {heap After GC invocations=18 (full 0):
 garbage-first heap   total reserved 2097152K, committed 137216K, used 71900K [0x0000000080000000, 0x0000000100000000)
  region size 1024K, 2 young (2048K), 2 survivors (2048K)
}

Metaspace Usage History (20 events):
Event: 10.531 {metaspace Before GC invocations=7 (full 0):
 Metaspace       used 39509K, committed 41152K, reserved 1114112K
  class space    used 5944K, committed 6720K, reserved 1048576K
}
Event: 10.542 {metaspace After GC invocations=8 (full 0):
 Metaspace       used 39509K, committed 41152K, reserved 1114112K
  class space    used 5944K, committed 6720K, reserved 1048576K
}
Event: 13.942 {metaspace Before GC invocations=8 (full 0):
 Metaspace       used 45465K, committed 47168K, reserved 1114112K
  class space    used 6914K, committed 7680K, reserved 1048576K
}
Event: 13.955 {metaspace After GC invocations=9 (full 0):
 Metaspace       used 45465K, committed 47168K, reserved 1114112K
  class space    used 6914K, committed 7680K, reserved 1048576K
}
Event: 16.551 {metaspace Before GC invocations=9 (full 0):
 Metaspace       used 52323K, committed 54144K, reserved 1114112K
  class space    used 7978K, committed 8896K, reserved 1048576K
}
Event: 16.565 {metaspace After GC invocations=10 (full 0):
 Metaspace       used 52323K, committed 54144K, reserved 1114112K
  class space    used 7978K, committed 8896K, reserved 1048576K
}
Event: 19.691 {metaspace Before GC invocations=10 (full 0):
 Metaspace       used 53691K, committed 55552K, reserved 1114112K
  class space    used 8081K, committed 8960K, reserved 1048576K
}
Event: 19.708 {metaspace After GC invocations=11 (full 0):
 Metaspace       used 53691K, committed 55552K, reserved 1114112K
  class space    used 8081K, committed 8960K, reserved 1048576K
}
Event: 20.991 {metaspace Before GC invocations=11 (full 0):
 Metaspace       used 53911K, committed 55808K, reserved 1114112K
  class space    used 8082K, committed 8960K, reserved 1048576K
}
Event: 21.004 {metaspace After GC invocations=12 (full 0):
 Metaspace       used 53911K, committed 55808K, reserved 1114112K
  class space    used 8082K, committed 8960K, reserved 1048576K
}
Event: 21.553 {metaspace Before GC invocations=12 (full 0):
 Metaspace       used 54408K, committed 56256K, reserved 1114112K
  class space    used 8173K, committed 9088K, reserved 1048576K
}
Event: 21.560 {metaspace After GC invocations=13 (full 0):
 Metaspace       used 54408K, committed 56256K, reserved 1114112K
  class space    used 8173K, committed 9088K, reserved 1048576K
}
Event: 23.109 {metaspace Before GC invocations=13 (full 0):
 Metaspace       used 58320K, committed 60160K, reserved 1114112K
  class space    used 8599K, committed 9472K, reserved 1048576K
}
Event: 23.116 {metaspace After GC invocations=14 (full 0):
 Metaspace       used 58320K, committed 60160K, reserved 1114112K
  class space    used 8599K, committed 9472K, reserved 1048576K
}
Event: 25.220 {metaspace Before GC invocations=15 (full 0):
 Metaspace       used 63097K, committed 65088K, reserved 1114112K
  class space    used 9345K, committed 10304K, reserved 1048576K
}
Event: 25.230 {metaspace After GC invocations=16 (full 0):
 Metaspace       used 63097K, committed 65088K, reserved 1114112K
  class space    used 9345K, committed 10304K, reserved 1048576K
}
Event: 28.580 {metaspace Before GC invocations=16 (full 0):
 Metaspace       used 67889K, committed 69888K, reserved 1114112K
  class space    used 9971K, committed 10944K, reserved 1048576K
}
Event: 28.631 {metaspace After GC invocations=17 (full 0):
 Metaspace       used 67889K, committed 69888K, reserved 1114112K
  class space    used 9971K, committed 10944K, reserved 1048576K
}
Event: 28.874 {metaspace Before GC invocations=17 (full 0):
 Metaspace       used 67899K, committed 69888K, reserved 1114112K
  class space    used 9972K, committed 10944K, reserved 1048576K
}
Event: 28.882 {metaspace After GC invocations=18 (full 0):
 Metaspace       used 67899K, committed 69888K, reserved 1114112K
  class space    used 9972K, committed 10944K, reserved 1048576K
}

Dll operation events (14 events):
Event: 0.019 Loaded shared library C:\Users\ADMIN\.gradle\jdks\eclipse_adoptium-25-amd64-windows.2\bin\java.dll
Event: 0.090 Loaded shared library C:\Users\ADMIN\.gradle\jdks\eclipse_adoptium-25-amd64-windows.2\bin\zip.dll
Event: 0.093 Loaded shared library C:\Users\ADMIN\.gradle\jdks\eclipse_adoptium-25-amd64-windows.2\bin\instrument.dll
Event: 0.096 Loaded shared library C:\Users\ADMIN\.gradle\jdks\eclipse_adoptium-25-amd64-windows.2\bin\net.dll
Event: 0.098 Loaded shared library C:\Users\ADMIN\.gradle\jdks\eclipse_adoptium-25-amd64-windows.2\bin\nio.dll
Event: 0.101 Loaded shared library C:\Users\ADMIN\.gradle\jdks\eclipse_adoptium-25-amd64-windows.2\bin\zip.dll
Event: 0.259 Loaded shared library C:\Users\ADMIN\.gradle\jdks\eclipse_adoptium-25-amd64-windows.2\bin\jimage.dll
Event: 0.456 Loaded shared library C:\Users\ADMIN\.gradle\jdks\eclipse_adoptium-25-amd64-windows.2\bin\verify.dll
Event: 0.489 Loaded shared library C:\Users\ADMIN\.gradle\native\660c5614fbf4a5f2a75b1949f50a0caf5cd603558e7d8a26e50b933a0cfb79d1\windows-amd64\native-platform.dll
Event: 0.502 Loaded shared library C:\Users\ADMIN\.gradle\native\0.2.8\x86_64-windows-gnu\gradle-fileevents.dll
Event: 1.433 Loaded shared library C:\Users\ADMIN\.gradle\jdks\eclipse_adoptium-25-amd64-windows.2\bin\management.dll
Event: 1.437 Loaded shared library C:\Users\ADMIN\.gradle\jdks\eclipse_adoptium-25-amd64-windows.2\bin\management_ext.dll
Event: 1.605 Loaded shared library C:\Users\ADMIN\.gradle\jdks\eclipse_adoptium-25-amd64-windows.2\bin\extnet.dll
Event: 1.953 Loaded shared library C:\Users\ADMIN\.gradle\jdks\eclipse_adoptium-25-amd64-windows.2\bin\sunmscapi.dll

Deoptimization events (20 events):
Event: 28.941 Thread 0x00000281cb190b30 DEOPT PACKING pc=0x00000281b7d99544 sp=0x000000fb945efaf0
Event: 28.941 Thread 0x00000281cb190b30 DEOPT UNPACKING pc=0x00000281b75df902 sp=0x000000fb945efb10 mode 2
Event: 29.923 Thread 0x00000281cb190b30 Uncommon trap: trap_request=0xffffff45 fr.pc=0x00000281b7d3f0ec relative=0x000000000000056c
Event: 29.923 Thread 0x00000281cb190b30 Uncommon trap: reason=unstable_if action=reinterpret pc=0x00000281b7d3f0ec method=java.util.HashMap.putVal(ILjava/lang/Object;Ljava/lang/Object;ZZ)Ljava/lang/Object; @ 236 c2
Event: 29.923 Thread 0x00000281cb190b30 DEOPT PACKING pc=0x00000281b7d3f0ec sp=0x000000fb945f5450
Event: 29.923 Thread 0x00000281cb190b30 DEOPT UNPACKING pc=0x00000281b75df902 sp=0x000000fb945f53e8 mode 2
Event: 29.997 Thread 0x00000281cb190b30 Uncommon trap: trap_request=0xffffffc6 fr.pc=0x00000281b7d2d5d8 relative=0x0000000000000058
Event: 29.997 Thread 0x00000281cb190b30 Uncommon trap: reason=bimorphic_or_optimized_type_check action=maybe_recompile pc=0x00000281b7d2d5d8 method=java.util.AbstractQueue.add(Ljava/lang/Object;)Z @ 2 c2
Event: 29.997 Thread 0x00000281cb190b30 DEOPT PACKING pc=0x00000281b7d2d5d8 sp=0x000000fb945f5830
Event: 29.997 Thread 0x00000281cb190b30 DEOPT UNPACKING pc=0x00000281b75df902 sp=0x000000fb945f57d8 mode 2
Event: 29.997 Thread 0x00000281cb190b30 Uncommon trap: trap_request=0xffffffc6 fr.pc=0x00000281b7d2d5d8 relative=0x0000000000000058
Event: 29.997 Thread 0x00000281cb190b30 Uncommon trap: reason=bimorphic_or_optimized_type_check action=maybe_recompile pc=0x00000281b7d2d5d8 method=java.util.AbstractQueue.add(Ljava/lang/Object;)Z @ 2 c2
Event: 29.997 Thread 0x00000281cb190b30 DEOPT PACKING pc=0x00000281b7d2d5d8 sp=0x000000fb945f5830
Event: 29.997 Thread 0x00000281cb190b30 DEOPT UNPACKING pc=0x00000281b75df902 sp=0x000000fb945f57d8 mode 2
Event: 30.018 Thread 0x00000281cb190b30 Uncommon trap: trap_request=0xffffff45 fr.pc=0x00000281b7c9d110 relative=0x0000000000003210
Event: 30.018 Thread 0x00000281cb190b30 Uncommon trap: reason=unstable_if action=reinterpret pc=0x00000281b7c9d110 method=org.objectweb.asm.Type.getTypeInternal(Ljava/lang/String;II)Lorg/objectweb/asm/Type; @ 5 c2
Event: 30.018 Thread 0x00000281cb190b30 DEOPT PACKING pc=0x00000281b7c9d110 sp=0x000000fb945f4e70
Event: 30.018 Thread 0x00000281cb190b30 DEOPT UNPACKING pc=0x00000281b75df902 sp=0x000000fb945f4ca0 mode 2
Event: 30.690 Thread 0x00000281cb190b30 DEOPT PACKING pc=0x00000281b07150af sp=0x000000fb945f43e0
Event: 30.690 Thread 0x00000281cb190b30 DEOPT UNPACKING pc=0x00000281b7511702 sp=0x000000fb945f39c0 mode 0

Classes loaded (20 events):
Event: 28.404 Loading class java/security/spec/NamedParameterSpec
Event: 28.404 Loading class java/security/spec/NamedParameterSpec done
Event: 28.410 Loading class sun/security/util/Length
Event: 28.410 Loading class sun/security/util/Length done
Event: 28.410 Loading class javax/crypto/SecretKey
Event: 28.410 Loading class javax/crypto/SecretKey done
Event: 28.411 Loading class java/util/Base64
Event: 28.411 Loading class java/util/Base64 done
Event: 28.411 Loading class java/util/Base64$Decoder
Event: 28.412 Loading class java/util/Base64$Decoder done
Event: 28.417 Loading class java/util/Base64$Encoder
Event: 28.417 Loading class java/util/Base64$Encoder done
Event: 28.424 Loading class java/util/jar/JarVerifier$VerifierStream
Event: 28.424 Loading class java/util/jar/JarVerifier$VerifierStream done
Event: 28.425 Loading class sun/security/util/ManifestEntryVerifier$SunProviderHolder
Event: 28.425 Loading class sun/security/util/ManifestEntryVerifier$SunProviderHolder done
Event: 28.643 Loading class sun/security/util/MemoryCache$QueueCacheEntry
Event: 28.643 Loading class sun/security/util/MemoryCache$QueueCacheEntry done
Event: 28.942 Loading class java/security/KeyStore$ProtectionParameter
Event: 28.948 Loading class java/security/KeyStore$ProtectionParameter done

Classes unloaded (0 events):
No events

Classes redefined (0 events):
No events

Internal exceptions (20 events):
Event: 19.119 Thread 0x00000281cbfb2050 Implicit null exception at 0x00000281b7d21bd2 to 0x00000281b7d21c45
Event: 21.202 Thread 0x00000281cb190b30 Exception <a 'java/lang/NoSuchMethodError'{0x000000008f718fb8}: 'void java.lang.invoke.DirectMethodHandle$Holder.invokeInterface(java.lang.Object, java.lang.Object, java.lang.Object, java.lang.Object)'> (0x000000008f718fb8) 
thrown [s\src\hotspot\share\interpreter\linkResolver.cpp, line 804]
Event: 21.385 Thread 0x00000281cb190b30 Exception <a 'java/lang/NoSuchMethodError'{0x000000008f3fd570}: 'void java.lang.invoke.Invokers$Holder.invoke_MT(java.lang.Object, java.lang.Object, java.lang.Object, java.lang.Object)'> (0x000000008f3fd570) 
thrown [s\src\hotspot\share\interpreter\linkResolver.cpp, line 804]
Event: 21.401 Thread 0x00000281cb190b30 Exception <a 'java/lang/NoSuchMethodError'{0x000000008f2909e8}: 'java.lang.Object java.lang.invoke.DirectMethodHandle$Holder.invokeSpecial(java.lang.Object, java.lang.Object, java.lang.Object, int, java.lang.Object, java.lang.Object)'> (0x000000008f2909e8) 
thrown [s\src\hotspot\share\interpreter\linkResolver.cpp, line 804]
Event: 21.623 Thread 0x00000281cb190b30 Exception <a 'java/lang/ClassNotFoundException'{0x000000008fcd74e8}: org/gradle/api/internal/plugins/DefaultObjectConfigurationActionBeanInfo> (0x000000008fcd74e8) 
thrown [s\src\hotspot\share\classfile\systemDictionary.cpp, line 328]
Event: 21.625 Thread 0x00000281cb190b30 Exception <a 'java/lang/ClassNotFoundException'{0x000000008fced1e8}: org/gradle/api/internal/plugins/DefaultObjectConfigurationActionCustomizer> (0x000000008fced1e8) 
thrown [s\src\hotspot\share\classfile\systemDictionary.cpp, line 328]
Event: 22.438 Thread 0x00000281cb190b30 Exception <a 'java/lang/NoSuchMethodError'{0x000000008589ed18}: 'int java.lang.invoke.DirectMethodHandle$Holder.invokeSpecialIFC(java.lang.Object, java.lang.Object, java.lang.Object, java.lang.Object, java.lang.Object)'> (0x000000008589ed18) 
thrown [s\src\hotspot\share\interpreter\linkResolver.cpp, line 804]
Event: 24.015 Thread 0x00000281cb190b30 Exception <a 'java/lang/NoSuchMethodError'{0x0000000086209670}: 'java.lang.Object java.lang.invoke.DirectMethodHandle$Holder.newInvokeSpecial(java.lang.Object, java.lang.Object, java.lang.Object, java.lang.Object, java.lang.Object, java.lang.Object, java.lang.Object, java.lang.Object, java.lang.Object, java.lang.Object, java.lang.Object, java.lang.Object, java.lang.Object, java.lang.Object, java.lang.Object, java.lang.Object)'> (0x0000000086209670) 
thrown [s\src\hotspot\share\interpreter\linkResolver.cpp,
Event: 24.016 Thread 0x00000281cb190b30 Exception <a 'java/lang/NoSuchMethodError'{0x0000000086214e48}: 'java.lang.Object java.lang.invoke.DirectMethodHandle$Holder.invokeSpecial(java.lang.Object, java.lang.Object, java.lang.Object, java.lang.Object, java.lang.Object, java.lang.Object, java.lang.Object, java.lang.Object, java.lang.Object, java.lang.Object, java.lang.Object, java.lang.Object, java.lang.Object, java.lang.Object, java.lang.Object, java.lang.Object, java.lang.Object)'> (0x0000000086214e48) 
thrown [s\src\hotspot\share\interpreter\li
Event: 24.016 Thread 0x00000281cb190b30 Exception <a 'java/lang/NoSuchMethodError'{0x000000008621fda8}: 'java.lang.Object java.lang.invoke.DelegatingMethodHandle$Holder.reinvoke_L(java.lang.Object, java.lang.Object, java.lang.Object, java.lang.Object, java.lang.Object, java.lang.Object, java.lang.Object, java.lang.Object, java.lang.Object, java.lang.Object, java.lang.Object, java.lang.Object, java.lang.Object, java.lang.Object, java.lang.Object, java.lang.Object)'> (0x000000008621fda8) 
thrown [s\src\hotspot\share\interpreter\linkResolver.cpp, l
Event: 25.208 Thread 0x00000281cb190b30 Exception <a 'java/lang/NoSuchMethodError'{0x00000000845db198}: static Lorg/jetbrains/kotlin/gradle/plugin/internal/DefaultProjectIsolationStartParameterAccessor$Factory;.<clinit>()V> (0x00000000845db198) 
thrown [s\src\hotspot\share\prims\jni.cpp, line 1106]
Event: 25.231 Thread 0x00000281cb190b30 Exception <a 'java/lang/NoSuchMethodError'{0x000000008442a9e8}: static Lorg/jetbrains/kotlin/gradle/plugin/internal/DefaultJavaExecTaskParametersCompatibility$Factory;.<clinit>()V> (0x000000008442a9e8) 
thrown [s\src\hotspot\share\prims\jni.cpp, line 1106]
Event: 25.245 Thread 0x00000281cb190b30 Exception <a 'java/lang/NoSuchMethodError'{0x00000000fff317a8}: static Lorg/jetbrains/kotlin/gradle/plugin/internal/DefaultMavenPublicationComponentAccessorFactory;.<clinit>()V> (0x00000000fff317a8) 
thrown [s\src\hotspot\share\prims\jni.cpp, line 1106]
Event: 25.252 Thread 0x00000281cb190b30 Exception <a 'java/lang/NoSuchMethodError'{0x00000000fff536c8}: static Lorg/jetbrains/kotlin/gradle/plugin/diagnostics/DefaultProblemsReporter$Factory;.<clinit>()V> (0x00000000fff536c8) 
thrown [s\src\hotspot\share\prims\jni.cpp, line 1106]
Event: 25.265 Thread 0x00000281cb190b30 Exception <a 'java/lang/NoSuchMethodError'{0x00000000fff88c70}: static Lorg/jetbrains/kotlin/gradle/plugin/internal/DefaultCompatibilityConventionRegistrar$Factory;.<clinit>()V> (0x00000000fff88c70) 
thrown [s\src\hotspot\share\prims\jni.cpp, line 1106]
Event: 25.276 Thread 0x00000281cb190b30 Exception <a 'java/lang/NoSuchMethodError'{0x00000000fffaa528}: static Lorg/jetbrains/kotlin/gradle/plugin/internal/DefaultConfigurationCacheStartParameterAccessorVariantFactory;.<clinit>()V> (0x00000000fffaa528) 
thrown [s\src\hotspot\share\prims\jni.cpp, line 1106]
Event: 25.359 Thread 0x00000281cb190b30 Exception <a 'java/lang/IncompatibleClassChangeError'{0x000000008fd207b8}: Found class java.lang.Object, but interface was expected> (0x000000008fd207b8) 
thrown [s\src\hotspot\share\interpreter\linkResolver.cpp, line 871]
Event: 26.455 Thread 0x00000281cb190b30 Exception <a 'java/lang/NoSuchMethodError'{0x000000008f219158}: static Ljava/lang/Object;.<clinit>()V> (0x000000008f219158) 
thrown [s\src\hotspot\share\prims\jni.cpp, line 1106]
Event: 26.470 Thread 0x00000281cb190b30 Exception <a 'java/lang/NoSuchMethodError'{0x000000008f27d168}: static Lorg/jetbrains/kotlin/gradle/plugin/statistics/MetricContainer;.<clinit>()V> (0x000000008f27d168) 
thrown [s\src\hotspot\share\prims\jni.cpp, line 1106]
Event: 28.396 Thread 0x00000281cb190b30 Exception <a 'java/lang/NoSuchMethodError'{0x0000000084e85908}: 'java.lang.Object java.lang.invoke.Invokers$Holder.invoke_MT(java.lang.Object, java.lang.Object, java.lang.Object, java.lang.Object, java.lang.Object, java.lang.Object)'> (0x0000000084e85908) 
thrown [s\src\hotspot\share\interpreter\linkResolver.cpp, line 804]

VM Operations (20 events):
Event: 27.351 Executing non-safepoint VM operation: HandshakeAllThreads (Deoptimize)
Event: 27.351 Executing non-safepoint VM operation: HandshakeAllThreads (Deoptimize) done
Event: 27.677 Executing non-safepoint VM operation: HandshakeAllThreads (Deoptimize)
Event: 27.677 Executing non-safepoint VM operation: HandshakeAllThreads (Deoptimize) done
Event: 28.016 Executing non-safepoint VM operation: HandshakeAllThreads (Deoptimize)
Event: 28.016 Executing non-safepoint VM operation: HandshakeAllThreads (Deoptimize) done
Event: 28.093 Executing non-safepoint VM operation: HandshakeAllThreads (Deoptimize)
Event: 28.093 Executing non-safepoint VM operation: HandshakeAllThreads (Deoptimize) done
Event: 28.274 Executing non-safepoint VM operation: HandshakeAllThreads (Deoptimize)
Event: 28.274 Executing non-safepoint VM operation: HandshakeAllThreads (Deoptimize) done
Event: 28.276 Executing non-safepoint VM operation: HandshakeAllThreads (Deoptimize)
Event: 28.276 Executing non-safepoint VM operation: HandshakeAllThreads (Deoptimize) done
Event: 28.580 Executing safepoint VM operation: G1CollectForAllocation (G1 Evacuation Pause)
Event: 28.631 Executing safepoint VM operation: G1CollectForAllocation (G1 Evacuation Pause) done
Event: 28.873 Executing safepoint VM operation: G1TryInitiateConcMark (G1 Humongous Allocation)
Event: 28.882 Executing safepoint VM operation: G1TryInitiateConcMark (G1 Humongous Allocation) done
Event: 28.913 Executing safepoint VM operation: G1PauseRemark
Event: 28.923 Executing safepoint VM operation: G1PauseRemark done
Event: 28.937 Executing safepoint VM operation: G1PauseCleanup
Event: 28.937 Executing safepoint VM operation: G1PauseCleanup done

Memory protections (0 events):
No events

Nmethod flushes (20 events):
Event: 28.922 Thread 0x00000281c207de80 flushing  nmethod 0x00000281b06e8188
Event: 28.922 Thread 0x00000281c207de80 flushing  nmethod 0x00000281b0735388
Event: 28.922 Thread 0x00000281c207de80 flushing  nmethod 0x00000281b07aae88
Event: 28.922 Thread 0x00000281c207de80 flushing  nmethod 0x00000281b07b1d88
Event: 28.922 Thread 0x00000281c207de80 flushing  nmethod 0x00000281b07b2088
Event: 28.922 Thread 0x00000281c207de80 flushing  nmethod 0x00000281b07c1208
Event: 28.922 Thread 0x00000281c207de80 flushing  nmethod 0x00000281b080bd88
Event: 28.922 Thread 0x00000281c207de80 flushing  nmethod 0x00000281b0890e08
Event: 28.922 Thread 0x00000281c207de80 flushing  nmethod 0x00000281b08cfb88
Event: 28.922 Thread 0x00000281c207de80 flushing  nmethod 0x00000281b08d0208
Event: 28.922 Thread 0x00000281c207de80 flushing  nmethod 0x00000281b08d0508
Event: 28.922 Thread 0x00000281c207de80 flushing  nmethod 0x00000281b08d0b08
Event: 28.922 Thread 0x00000281c207de80 flushing  nmethod 0x00000281b08d1388
Event: 28.922 Thread 0x00000281c207de80 flushing  nmethod 0x00000281b08d1c88
Event: 28.922 Thread 0x00000281c207de80 flushing  nmethod 0x00000281b08f7788
Event: 28.922 Thread 0x00000281c207de80 flushing  nmethod 0x00000281b08f7b88
Event: 28.922 Thread 0x00000281c207de80 flushing  nmethod 0x00000281b0903408
Event: 28.922 Thread 0x00000281c207de80 flushing  nmethod 0x00000281b092ba88
Event: 28.922 Thread 0x00000281c207de80 flushing  nmethod 0x00000281b0981888
Event: 28.922 Thread 0x00000281c207de80 flushing  nmethod 0x00000281b09a2388

Events (20 events):
Event: 18.323 Thread 0x00000281cb190b30 Thread added: 0x00000281cbfae9a0
Event: 18.324 Thread 0x00000281cb190b30 Thread added: 0x00000281cbfb37c0
Event: 18.324 Thread 0x00000281cb190b30 Thread added: 0x00000281cd37b730
Event: 18.324 Thread 0x00000281cb190b30 Thread added: 0x00000281cd378850
Event: 18.324 Thread 0x00000281cb190b30 Thread added: 0x00000281cd37bf00
Event: 18.324 Thread 0x00000281cb190b30 Thread added: 0x00000281cd37c6d0
Event: 18.324 Thread 0x00000281cb190b30 Thread added: 0x00000281cd3797f0
Event: 18.324 Thread 0x00000281cb190b30 Thread added: 0x00000281cd379fc0
Event: 18.325 Thread 0x00000281cb190b30 Thread added: 0x00000281cd379020
Event: 19.838 Thread 0x00000281c4b6a4b0 Thread added: 0x00000281c9fade00
Event: 21.811 Thread 0x00000281c9fade00 Thread exited: 0x00000281c9fade00
Event: 24.104 Thread 0x00000281cb190b30 Thread added: 0x00000281cc860300
Event: 25.765 Thread 0x00000281c4b6a4b0 Thread added: 0x00000281c9fb5f00
Event: 26.094 Thread 0x00000281c9fb5f00 Thread exited: 0x00000281c9fb5f00
Event: 26.637 Thread 0x00000281cb190b30 Thread added: 0x00000281cc8612a0
Event: 28.498 Thread 0x00000281c4b6a4b0 Thread added: 0x00000281c9fb46d0
Event: 28.498 Thread 0x00000281c4b6a4b0 Thread added: 0x00000281c9fb2ea0
Event: 28.793 Thread 0x00000281c9fb2ea0 Thread exited: 0x00000281c9fb2ea0
Event: 28.955 Thread 0x00000281c9fb46d0 Thread exited: 0x00000281c9fb46d0
Event: 30.754 Thread 0x00000281c4b6a4b0 Thread added: 0x00000281c9fb46d0


Dynamic libraries:
0x00007ff7514e0000 - 0x00007ff7514ee000 	C:\Users\ADMIN\.gradle\jdks\eclipse_adoptium-25-amd64-windows.2\bin\java.exe
0x00007ffbde020000 - 0x00007ffbde287000 	C:\WINDOWS\SYSTEM32\ntdll.dll
0x00007ffbdd310000 - 0x00007ffbdd3db000 	C:\WINDOWS\System32\KERNEL32.DLL
0x00007ffbdb3b0000 - 0x00007ffbdb7b2000 	C:\WINDOWS\System32\KERNELBASE.dll
0x00007ffbdb250000 - 0x00007ffbdb39c000 	C:\WINDOWS\System32\ucrtbase.dll
0x00007ffb3c2a0000 - 0x00007ffb3c2be000 	C:\Users\ADMIN\.gradle\jdks\eclipse_adoptium-25-amd64-windows.2\bin\VCRUNTIME140.dll
0x00007ffb7a000000 - 0x00007ffb7a016000 	C:\Users\ADMIN\.gradle\jdks\eclipse_adoptium-25-amd64-windows.2\bin\jli.dll
0x00007ffbdbd40000 - 0x00007ffbdbf0f000 	C:\WINDOWS\System32\USER32.dll
0x00007ffbb62a0000 - 0x00007ffbb6530000 	C:\WINDOWS\WinSxS\amd64_microsoft.windows.common-controls_6595b64144ccf1df_6.0.26100.9278_none_3e0d1ba8e3303201\COMCTL32.dll
0x00007ffbdb220000 - 0x00007ffbdb247000 	C:\WINDOWS\System32\win32u.dll
0x00007ffbddb00000 - 0x00007ffbddba9000 	C:\WINDOWS\System32\msvcrt.dll
0x00007ffbdc530000 - 0x00007ffbdc55b000 	C:\WINDOWS\System32\GDI32.dll
0x00007ffbdba80000 - 0x00007ffbdbba9000 	C:\WINDOWS\System32\gdi32full.dll
0x00007ffbdb880000 - 0x00007ffbdb923000 	C:\WINDOWS\System32\msvcp_win.dll
0x00007ffbdce40000 - 0x00007ffbdce71000 	C:\WINDOWS\System32\IMM32.DLL
0x00007ffbb3740000 - 0x00007ffbb3832000 	C:\Program Files\Windhawk\Engine\1.6.1\64\windhawk.dll
0x00007ffbdcf60000 - 0x00007ffbdd01c000 	C:\WINDOWS\System32\ADVAPI32.dll
0x00007ffbdc040000 - 0x00007ffbdc0e9000 	C:\WINDOWS\System32\sechost.dll
0x00007ffbdc3a0000 - 0x00007ffbdc4b8000 	C:\WINDOWS\System32\RPCRT4.dll
0x00007ffbcd370000 - 0x00007ffbcd37c000 	C:\Users\ADMIN\.gradle\jdks\eclipse_adoptium-25-amd64-windows.2\bin\vcruntime140_1.dll
0x00007ffb145b0000 - 0x00007ffb1463d000 	C:\Users\ADMIN\.gradle\jdks\eclipse_adoptium-25-amd64-windows.2\bin\msvcp140.dll
0x00007ffa82a80000 - 0x00007ffa839aa000 	C:\Users\ADMIN\.gradle\jdks\eclipse_adoptium-25-amd64-windows.2\bin\server\jvm.dll
0x00007ffbddf50000 - 0x00007ffbddfd0000 	C:\WINDOWS\System32\WS2_32.dll
0x00007ffbd9d20000 - 0x00007ffbd9d7e000 	C:\WINDOWS\SYSTEM32\POWRPROF.dll
0x00007ffbcc8b0000 - 0x00007ffbcc8bb000 	C:\WINDOWS\SYSTEM32\VERSION.dll
0x00007ffbd50a0000 - 0x00007ffbd50d6000 	C:\WINDOWS\SYSTEM32\WINMM.dll
0x00007ffbd9cf0000 - 0x00007ffbd9d05000 	C:\WINDOWS\SYSTEM32\UMPDC.dll
0x00007ffbd9fe0000 - 0x00007ffbd9ffb000 	C:\WINDOWS\SYSTEM32\kernel.appcore.dll
0x00007ffb51590000 - 0x00007ffb5159a000 	C:\Users\ADMIN\.gradle\jdks\eclipse_adoptium-25-amd64-windows.2\bin\jimage.dll
0x00007ffbd84c0000 - 0x00007ffbd870c000 	C:\WINDOWS\SYSTEM32\DBGHELP.DLL
0x00007ffbddbc0000 - 0x00007ffbddf45000 	C:\WINDOWS\System32\combase.dll
0x00007ffbdce80000 - 0x00007ffbdcf59000 	C:\WINDOWS\System32\OLEAUT32.dll
0x00007ffbb8b70000 - 0x00007ffbb8bab000 	C:\WINDOWS\SYSTEM32\dbgcore.DLL
0x00007ffbdb7c0000 - 0x00007ffbdb86c000 	C:\WINDOWS\System32\bcryptPrimitives.dll
0x00007ffb4ff70000 - 0x00007ffb4ff7f000 	C:\Users\ADMIN\.gradle\jdks\eclipse_adoptium-25-amd64-windows.2\bin\instrument.dll
0x00007ffb3c300000 - 0x00007ffb3c31e000 	C:\Users\ADMIN\.gradle\jdks\eclipse_adoptium-25-amd64-windows.2\bin\java.dll
0x00007ffbdc200000 - 0x00007ffbdc39a000 	C:\WINDOWS\System32\ole32.dll
0x00007ffbdc590000 - 0x00007ffbdcd28000 	C:\WINDOWS\System32\SHELL32.dll
0x00007ffbd8c80000 - 0x00007ffbd952e000 	C:\WINDOWS\SYSTEM32\windows.storage.dll
0x00007ffbdbf40000 - 0x00007ffbdc03b000 	C:\WINDOWS\System32\SHCORE.dll
0x00007ffbdc4c0000 - 0x00007ffbdc526000 	C:\WINDOWS\System32\shlwapi.dll
0x00007ffbdb140000 - 0x00007ffbdb169000 	C:\WINDOWS\SYSTEM32\profapi.dll
0x00007ffb3c2e0000 - 0x00007ffb3c2f6000 	C:\Users\ADMIN\.gradle\jdks\eclipse_adoptium-25-amd64-windows.2\bin\zip.dll
0x00007ffb3c2c0000 - 0x00007ffb3c2d1000 	C:\Users\ADMIN\.gradle\jdks\eclipse_adoptium-25-amd64-windows.2\bin\net.dll
0x00007ffbda5b0000 - 0x00007ffbda61c000 	C:\WINDOWS\system32\mswsock.dll
0x00007ffb3af00000 - 0x00007ffb3af16000 	C:\Users\ADMIN\.gradle\jdks\eclipse_adoptium-25-amd64-windows.2\bin\nio.dll
0x00007ffb4f6e0000 - 0x00007ffb4f6f0000 	C:\Users\ADMIN\.gradle\jdks\eclipse_adoptium-25-amd64-windows.2\bin\verify.dll
0x00007ffb4d8b0000 - 0x00007ffb4d8d7000 	C:\Users\ADMIN\.gradle\native\660c5614fbf4a5f2a75b1949f50a0caf5cd603558e7d8a26e50b933a0cfb79d1\windows-amd64\native-platform.dll
0x00007ffb48d60000 - 0x00007ffb48dd7000 	C:\Users\ADMIN\.gradle\native\0.2.8\x86_64-windows-gnu\gradle-fileevents.dll
0x00007ffb4ef10000 - 0x00007ffb4ef1a000 	C:\Users\ADMIN\.gradle\jdks\eclipse_adoptium-25-amd64-windows.2\bin\management.dll
0x00007ffb4d950000 - 0x00007ffb4d95c000 	C:\Users\ADMIN\.gradle\jdks\eclipse_adoptium-25-amd64-windows.2\bin\management_ext.dll
0x00007ffbddbb0000 - 0x00007ffbddbb8000 	C:\WINDOWS\System32\PSAPI.DLL
0x00007ffbd98f0000 - 0x00007ffbd9923000 	C:\WINDOWS\SYSTEM32\IPHLPAPI.DLL
0x00007ffbdd5d0000 - 0x00007ffbdd5da000 	C:\WINDOWS\System32\NSI.dll
0x00007ffb4bf20000 - 0x00007ffb4bf29000 	C:\Users\ADMIN\.gradle\jdks\eclipse_adoptium-25-amd64-windows.2\bin\extnet.dll
0x00007ffbda8c0000 - 0x00007ffbda8db000 	C:\WINDOWS\SYSTEM32\CRYPTSP.dll
0x00007ffbd9f40000 - 0x00007ffbd9f79000 	C:\WINDOWS\system32\rsaenh.dll
0x00007ffbda680000 - 0x00007ffbda6b4000 	C:\WINDOWS\SYSTEM32\USERENV.dll
0x00007ffbdb110000 - 0x00007ffbdb13a000 	C:\WINDOWS\SYSTEM32\bcrypt.dll
0x00007ffbda8e0000 - 0x00007ffbda8ec000 	C:\WINDOWS\SYSTEM32\CRYPTBASE.dll
0x00007ffb4a340000 - 0x00007ffb4a34e000 	C:\Users\ADMIN\.gradle\jdks\eclipse_adoptium-25-amd64-windows.2\bin\sunmscapi.dll
0x00007ffbdbbb0000 - 0x00007ffbdbd2e000 	C:\WINDOWS\System32\CRYPT32.dll
0x00007ffbdab00000 - 0x00007ffbdab30000 	C:\WINDOWS\SYSTEM32\ncrypt.dll
0x00007ffbdaab0000 - 0x00007ffbdaaef000 	C:\WINDOWS\SYSTEM32\NTASN1.dll
0x00007ffbb1ab0000 - 0x00007ffbb1ab8000 	C:\WINDOWS\system32\wshunix.dll

JVMTI agents:
C:\Users\ADMIN\.gradle\wrapper\dists\gradle-9.5.0-bin\bvnork1r7n8i6kp5cnkibsc9q\gradle-9.5.0\lib\agents\gradle-instrumentation-agent-9.5.0.jar path:C:\Users\ADMIN\.gradle\jdks\eclipse_adoptium-25-amd64-windows.2\bin\instrument.dll, loaded, initialized, instrumentlib options:none

dbghelp: loaded successfully - version: 4.0.5 - missing functions: none
symbol engine: initialized successfully - sym options: 0x614 - pdb path: .;C:\Users\ADMIN\.gradle\jdks\eclipse_adoptium-25-amd64-windows.2\bin;C:\WINDOWS\SYSTEM32;C:\WINDOWS\WinSxS\amd64_microsoft.windows.common-controls_6595b64144ccf1df_6.0.26100.9278_none_3e0d1ba8e3303201;C:\Program Files\Windhawk\Engine\1.6.1\64;C:\Users\ADMIN\.gradle\jdks\eclipse_adoptium-25-amd64-windows.2\bin\server;C:\Users\ADMIN\.gradle\native\660c5614fbf4a5f2a75b1949f50a0caf5cd603558e7d8a26e50b933a0cfb79d1\windows-amd64;C:\Users\ADMIN\.gradle\native\0.2.8\x86_64-windows-gnu

VM Arguments:
jvm_args: --add-opens=java.base/java.lang=ALL-UNNAMED --add-opens=java.base/java.lang.invoke=ALL-UNNAMED --add-opens=java.base/java.util=ALL-UNNAMED --add-opens=java.prefs/java.util.prefs=ALL-UNNAMED --add-exports=jdk.compiler/com.sun.tools.javac.api=ALL-UNNAMED --add-exports=jdk.compiler/com.sun.tools.javac.util=ALL-UNNAMED --add-opens=java.base/java.nio.charset=ALL-UNNAMED --add-opens=java.base/java.net=ALL-UNNAMED --add-opens=java.base/java.util.concurrent=ALL-UNNAMED --add-opens=java.base/java.util.concurrent.atomic=ALL-UNNAMED --add-opens=java.xml/javax.xml.namespace=ALL-UNNAMED --add-opens=java.base/java.time=ALL-UNNAMED --enable-native-access=ALL-UNNAMED -Xmx2048m -Dfile.encoding=UTF-8 -Duser.country=US -Duser.language=en -Duser.variant -javaagent:C:\Users\ADMIN\.gradle\wrapper\dists\gradle-9.5.0-bin\bvnork1r7n8i6kp5cnkibsc9q\gradle-9.5.0\lib\agents\gradle-instrumentation-agent-9.5.0.jar 
java_command: org.gradle.launcher.daemon.bootstrap.GradleDaemon 9.5.0
java_class_path (initial): C:\Users\ADMIN\.gradle\wrapper\dists\gradle-9.5.0-bin\bvnork1r7n8i6kp5cnkibsc9q\gradle-9.5.0\lib\gradle-daemon-main-9.5.0.jar
Launcher Type: SUN_STANDARD

[Global flags]
     intx CICompilerCount                          = 4                                         {product} {ergonomic}
     uint ConcGCThreads                            = 3                                         {product} {ergonomic}
     uint G1ConcRefinementThreads                  = 10                                        {product} {ergonomic}
   size_t G1HeapRegionSize                         = 1048576                                   {product} {ergonomic}
   size_t InitialHeapSize                          = 398458880                                 {product} {ergonomic}
   size_t MarkStackSize                            = 4194304                                   {product} {ergonomic}
   size_t MarkStackSizeMax                         = 536870912                                 {product} {ergonomic}
   size_t MaxHeapSize                              = 2147483648                                {product} {command line}
   size_t MaxNewSize                               = 1287651328                                {product} {ergonomic}
   size_t MinHeapDeltaBytes                        = 1048576                                   {product} {ergonomic}
   size_t MinHeapSize                              = 8388608                                   {product} {ergonomic}
    uintx NonNMethodCodeHeapSize                   = 5898240                                {pd product} {ergonomic}
    uintx NonProfiledCodeHeapSize                  = 122945536                              {pd product} {ergonomic}
    uintx ProfiledCodeHeapSize                     = 122945536                              {pd product} {ergonomic}
    uintx ReservedCodeCacheSize                    = 251789312                              {pd product} {ergonomic}
     bool SegmentedCodeCache                       = true                                      {product} {ergonomic}
   size_t SoftMaxHeapSize                          = 2147483648                             {manageable} {ergonomic}
     bool UseCompressedOops                        = true                           {product lp64_product} {ergonomic}
     bool UseG1GC                                  = true                                      {product} {ergonomic}
     bool UseLargePagesIndividualAllocation        = false                                  {pd product} {ergonomic}

Logging:
Log output configuration:
 #0: stdout all=warning uptime,level,tags foldmultilines=false
 #1: stderr all=off uptime,level,tags foldmultilines=false

Release file:
IMPLEMENTOR="Eclipse Adoptium" 
IMPLEMENTOR_VERSION="Temurin-25.0.3+9" 
JAVA_RUNTIME_VERSION="25.0.3+9-LTS" 
JAVA_VERSION="25.0.3" 
JAVA_VERSION_DATE="2026-04-21" 
LIBC="default" 
MODULES="java.base java.compiler java.datatransfer java.xml java.prefs java.desktop java.instrument java.logging java.management java.security.sasl java.naming java.rmi java.management.rmi java.net.http java.scripting java.security.jgss java.transaction.xa java.sql java.sql.rowset java.xml.crypto java.se java.smartcardio jdk.accessibility jdk.internal.jvmstat jdk.attach jdk.charsets jdk.internal.opt jdk.zipfs jdk.compiler jdk.crypto.cryptoki jdk.crypto.ec jdk.crypto.mscapi jdk.dynalink jdk.internal.ed jdk.editpad jdk.internal.vm.ci jdk.graal.compiler jdk.graal.compiler.management jdk.hotspot.agent jdk.httpserver jdk.incubator.vector jdk.internal.le jdk.internal.md jdk.jartool jdk.javadoc jdk.jcmd jdk.management jdk.management.agent jdk.jconsole jdk.jdeps jdk.jdwp.agent jdk.jdi jdk.jfr jdk.jlink jdk.jpackage jdk.jshell jdk.jsobject jdk.jstatd jdk.localedata jdk.management.jfr jdk.naming.dns jdk.naming.rmi jdk.net jdk.nio.mapmode jdk.sctp jdk.security.auth jdk.security.jgss jdk.unsupported jdk.unsupported.desktop jdk.xml.dom" 
OS_ARCH="x86_64" 
OS_NAME="Windows" 
SOURCE=".:git:cda0a1776184" 
BUILD_SOURCE="git:a612825ee82a20ac872d60958c349854c1f29a8e"
BUILD_SOURCE_REPO="https://github.com/adoptium/temurin-build.git"
SOURCE_REPO="https://github.com/adoptium/jdk25u.git"
FULL_VERSION="25.0.3+9-LTS"
SEMANTIC_VERSION="25.0.3+9"
BUILD_INFO="OS: Windows Server 2022 Version: 10.0"
JVM_VARIANT="Hotspot"
JVM_VERSION="25.0.3+9-LTS"
IMAGE_TYPE="JDK"

Environment Variables:
PATH=C:\Python314\Scripts\;C:\Python314\;C:\Program Files\Common Files\Oracle\Java\javapath;C:\Program Files (x86)\Common Files\Oracle\Java\javapath;C:\WINDOWS\system32;C:\WINDOWS;C:\WINDOWS\System32\Wbem;C:\WINDOWS\System32\WindowsPowerShell\v1.0\;C:\WINDOWS\System32\OpenSSH\;C:\Program Files (x86)\NVIDIA Corporation\PhysX\Common;C:\Program Files\NVIDIA Corporation\NVIDIA NvDLISR;C:\Program Files (x86)\Microsoft SQL Server\160\Tools\Binn\;C:\Program Files\Microsoft SQL Server\160\Tools\Binn\;C:\Program Files\Microsoft SQL Server\Client SDK\ODBC\170\Tools\Binn\;C:\Program Files\Microsoft SQL Server\160\DTS\Binn\;C:\Program Files (x86)\Microsoft SQL Server\160\DTS\Binn\;C:\ProgramData\chocolatey\bin;C:\Program Files\Docker\Docker\resources\bin;C:\Program Files\dotnet\;C:\Users\ADMIN\AppData\Local\nvm;C:\nvm4w\nodejs;C:\Program Files\Cloudflare\Cloudflare WARP\;C:\Program Files\Git\cmd;C:\Users\ADMIN\AppData\Local\Programs\Python\Python312\Scripts\;C:\Users\ADMIN\AppData\Local\Programs\Python\Python312\;C:\Users\ADMIN\AppData\Local\Programs\Python\Launcher\;C:\Users\ADMIN\AppData\Local\Microsoft\WindowsApps;C:\Program Files\JetBrains\PyCharm Community Edition 2024.2.1\bin;;C:\Program Files\JetBrains\IntelliJ IDEA Community Edition 2025.2\bin;C:\Users\ADMIN\AppData\Local\Programs\Microsoft VS Code\bin;C:\Users\ADMIN\AppData\Local\nvm;C:\nvm4w\nodejs;C:\msys64\ucrt64\bin;
USERNAME=ADMIN
OS=Windows_NT
PROCESSOR_IDENTIFIER=Intel64 Family 6 Model 151 Stepping 2, GenuineIntel
TMP=C:\Users\ADMIN\AppData\Local\Temp
TEMP=C:\Users\ADMIN\AppData\Local\Temp




Compilation memory statistics disabled.

Periodic native trim disabled

---------------  S Y S T E M  ---------------

OS:
 Windows 11 , 64 bit Build 26100 (10.0.26100.9444)
OS uptime: 1 days 11:56 hours
Hyper-V role detected

CPU: total 12 (initial active 12) (6 cores per cpu, 2 threads per core) family 6 model 151 stepping 2 microcode 0x35, cx8, cmov, fxsr, ht, mmx, 3dnowpref, sse, sse2, sse3, ssse3, sse4.1, sse4.2, popcnt, lzcnt, tsc, tscinvbit, avx, avx2, aes, erms, clmul, bmi1, bmi2, adx, sha, fma, vzeroupper, clflush, clflushopt, clwb, hv, serialize, rdtscp, rdpid, fsrm, gfni, f16c, cet_ibt, cet_ss
Processor Information for the first 12 processors :
  Max Mhz: 2400, Current Mhz: 2400, Mhz Limit: 2400

Memory: 4k page, system-wide physical 24283M (1308M free)
TotalPageFile size 57665M (AvailPageFile size 13M)
current process WorkingSet (physical memory assigned to process): 345M, peak: 345M
current process commit charge ("private bytes"): 388M, peak: 586M

vm_info: OpenJDK 64-Bit Server VM (25.0.3+9-LTS) for windows-amd64 JRE (25.0.3+9-LTS), built on 2026-04-21T00:00:00Z with MS VC++ 17.12 (VS2022)

END.
